Archive member included to satisfy reference by file (symbol)

C:/avr_toolchain/avr8-gnu-toolchain-win32_x86_64/bin/../lib/gcc/avr/15.1.0/avr5\libgcc.a(_udivmodsi4.o)
                              C:\LayerdArch2\release\MCAL\UART\Uart_Program.c.o (__udivmodsi4)
C:/avr_toolchain/avr8-gnu-toolchain-win32_x86_64/bin/../lib/gcc/avr/15.1.0/avr5\libgcc.a(_exit.o)
                              C:/avr_toolchain/avr8-gnu-toolchain-win32_x86_64/bin/../lib/gcc/avr/15.1.0/../../../../avr/lib/avr5/crtatmega32.o (exit)
C:/avr_toolchain/avr8-gnu-toolchain-win32_x86_64/bin/../lib/gcc/avr/15.1.0/avr5\libgcc.a(_tablejump2.o)
                              C:\LayerdArch2\release\MCAL\UART\Uart_Program.c.o (__tablejump2__)
C:/avr_toolchain/avr8-gnu-toolchain-win32_x86_64/bin/../lib/gcc/avr/15.1.0/avr5\libgcc.a(_copy_data.o)
                              C:\LayerdArch2\release\APP\Admin\Admin_Program.c.o (__do_copy_data)
C:/avr_toolchain/avr8-gnu-toolchain-win32_x86_64/bin/../lib/gcc/avr/15.1.0/avr5\libgcc.a(_clear_bss.o)
                              C:\LayerdArch2\release\APP\Admin\Admin_Program.c.o (__do_clear_bss)
C:/avr_toolchain/avr8-gnu-toolchain-win32_x86_64/bin/../lib/gcc/avr/15.1.0/../../../../avr/lib/avr5\libc.a(sprintf.o)
                              C:\LayerdArch2\release\HAL\LCD\LCD_program.c.o (sprintf)
C:/avr_toolchain/avr8-gnu-toolchain-win32_x86_64/bin/../lib/gcc/avr/15.1.0/../../../../avr/lib/avr5\libc.a(vfprintf_std.o)
                              C:/avr_toolchain/avr8-gnu-toolchain-win32_x86_64/bin/../lib/gcc/avr/15.1.0/../../../../avr/lib/avr5\libc.a(sprintf.o) (vfprintf)
C:/avr_toolchain/avr8-gnu-toolchain-win32_x86_64/bin/../lib/gcc/avr/15.1.0/../../../../avr/lib/avr5\libc.a(strnlen_P.o)
                              C:/avr_toolchain/avr8-gnu-toolchain-win32_x86_64/bin/../lib/gcc/avr/15.1.0/../../../../avr/lib/avr5\libc.a(vfprintf_std.o) (strnlen_P)
C:/avr_toolchain/avr8-gnu-toolchain-win32_x86_64/bin/../lib/gcc/avr/15.1.0/../../../../avr/lib/avr5\libc.a(strnlen.o)
                              C:/avr_toolchain/avr8-gnu-toolchain-win32_x86_64/bin/../lib/gcc/avr/15.1.0/../../../../avr/lib/avr5\libc.a(vfprintf_std.o) (strnlen)
C:/avr_toolchain/avr8-gnu-toolchain-win32_x86_64/bin/../lib/gcc/avr/15.1.0/../../../../avr/lib/avr5\libc.a(fputc.o)
                              C:/avr_toolchain/avr8-gnu-toolchain-win32_x86_64/bin/../lib/gcc/avr/15.1.0/../../../../avr/lib/avr5\libc.a(vfprintf_std.o) (fputc)
C:/avr_toolchain/avr8-gnu-toolchain-win32_x86_64/bin/../lib/gcc/avr/15.1.0/../../../../avr/lib/avr5\libc.a(ultoa_invert.o)
                              C:/avr_toolchain/avr8-gnu-toolchain-win32_x86_64/bin/../lib/gcc/avr/15.1.0/../../../../avr/lib/avr5\libc.a(vfprintf_std.o) (__ultoa_invert)
C:/avr_toolchain/avr8-gnu-toolchain-win32_x86_64/bin/../lib/gcc/avr/15.1.0/avr5\libgcc.a(_negsi2.o)
                              C:/avr_toolchain/avr8-gnu-toolchain-win32_x86_64/bin/../lib/gcc/avr/15.1.0/../../../../avr/lib/avr5\libc.a(vfprintf_std.o) (__negsi2)
C:/avr_toolchain/avr8-gnu-toolchain-win32_x86_64/bin/../lib/gcc/avr/15.1.0/avr5\libgcc.a(_prologue.o)
                              C:/avr_toolchain/avr8-gnu-toolchain-win32_x86_64/bin/../lib/gcc/avr/15.1.0/../../../../avr/lib/avr5\libc.a(sprintf.o) (__prologue_saves__)
C:/avr_toolchain/avr8-gnu-toolchain-win32_x86_64/bin/../lib/gcc/avr/15.1.0/avr5\libgcc.a(_epilogue.o)
                              C:/avr_toolchain/avr8-gnu-toolchain-win32_x86_64/bin/../lib/gcc/avr/15.1.0/../../../../avr/lib/avr5\libc.a(sprintf.o) (__epilogue_restores__)

There are no discarded input sections

Memory Configuration

Name             Origin             Length             Attributes
text             0x00000000         0x00008000         xr
data             0x00800060         0x00000800         rw!x
eeprom           0x00810000         0x00000400         rw!x
fuse             0x00820000         0x00000002         rw!x
lock             0x00830000         0x00000400         rw!x
signature        0x00840000         0x00000400         rw!x
user_signatures  0x00850000         0x00000400         rw!x
*default*        0x00000000         0xffffffff

Linker script and memory map

LOAD C:/avr_toolchain/avr8-gnu-toolchain-win32_x86_64/bin/../lib/gcc/avr/15.1.0/../../../../avr/lib/avr5/crtatmega32.o
LOAD C:\LayerdArch2\release\APP\Admin\Admin_Program.c.o
LOAD C:\LayerdArch2\release\APP\Entry\Entry_Program.c.o
LOAD C:\LayerdArch2\release\APP\Error\Error_Program.c.o
LOAD C:\LayerdArch2\release\APP\Exit\Exit_Program.c.o
LOAD C:\LayerdArch2\release\APP\Full\Full_Program.c.o
LOAD C:\LayerdArch2\release\APP\GateController\GateController_Program.c.o
LOAD C:\LayerdArch2\release\APP\Idle\Idle_Program.c.o
LOAD C:\LayerdArch2\release\APP\Init\Init_Program.c.o
LOAD C:\LayerdArch2\release\APP\ParkingManager\ParkingManager_Program.c.o
LOAD C:\LayerdArch2\release\APP\SpotCounter\SpotCounter_Program.c.o
LOAD C:\LayerdArch2\release\HAL\DC_MOTOR\DC_MOTOR_Program.c.o
LOAD C:\LayerdArch2\release\HAL\KEYPAD\KPD_Program.c.o
LOAD C:\LayerdArch2\release\HAL\LCD\LCD_program.c.o
LOAD C:\LayerdArch2\release\HAL\LED\LED_Program.c.o
LOAD C:\LayerdArch2\release\main.c.o
LOAD C:\LayerdArch2\release\MCAL\DIO\DIO_Program.c.o
LOAD C:\LayerdArch2\release\MCAL\EXTI\EXTI_Program.c.o
LOAD C:\LayerdArch2\release\MCAL\GIE\GIE_Programe.c.o
LOAD C:\LayerdArch2\release\MCAL\UART\Uart_Program.c.o
START GROUP
LOAD C:/avr_toolchain/avr8-gnu-toolchain-win32_x86_64/bin/../lib/gcc/avr/15.1.0/avr5\libgcc.a
LOAD C:/avr_toolchain/avr8-gnu-toolchain-win32_x86_64/bin/../lib/gcc/avr/15.1.0/../../../../avr/lib/avr5\libm.a
LOAD C:/avr_toolchain/avr8-gnu-toolchain-win32_x86_64/bin/../lib/gcc/avr/15.1.0/../../../../avr/lib/avr5\libc.a
LOAD C:/avr_toolchain/avr8-gnu-toolchain-win32_x86_64/bin/../lib/gcc/avr/15.1.0/../../../../avr/lib/avr5\libatmega32.a
END GROUP
                [0x00000000]                      __TEXT_REGION_ORIGIN__ = DEFINED (__TEXT_REGION_ORIGIN__)?__TEXT_REGION_ORIGIN__:0x0
                [0x00008000]                      __TEXT_REGION_LENGTH__ = DEFINED (__TEXT_REGION_LENGTH__)?__TEXT_REGION_LENGTH__:0x20000
                [0x00800060]                      __DATA_REGION_ORIGIN__ = DEFINED (__DATA_REGION_ORIGIN__)?__DATA_REGION_ORIGIN__:0x800060
                [0x00000800]                      __DATA_REGION_LENGTH__ = DEFINED (__DATA_REGION_LENGTH__)?__DATA_REGION_LENGTH__:0xffa0
                [0x00000400]                      __EEPROM_REGION_LENGTH__ = DEFINED (__EEPROM_REGION_LENGTH__)?__EEPROM_REGION_LENGTH__:0x10000
                [0x00000002]                      __FUSE_REGION_LENGTH__ = DEFINED (__FUSE_REGION_LENGTH__)?__FUSE_REGION_LENGTH__:0x400
                0x00000400                        __LOCK_REGION_LENGTH__ = DEFINED (__LOCK_REGION_LENGTH__)?__LOCK_REGION_LENGTH__:0x400
                0x00000400                        __SIGNATURE_REGION_LENGTH__ = DEFINED (__SIGNATURE_REGION_LENGTH__)?__SIGNATURE_REGION_LENGTH__:0x400
                0x00000400                        __USER_SIGNATURE_REGION_LENGTH__ = DEFINED (__USER_SIGNATURE_REGION_LENGTH__)?__USER_SIGNATURE_REGION_LENGTH__:0x400

.hash
 *(.hash)

.dynsym
 *(.dynsym)

.dynstr
 *(.dynstr)

.gnu.version
 *(.gnu.version)

.gnu.version_d
 *(.gnu.version_d)

.gnu.version_r
 *(.gnu.version_r)

.rel.init
 *(.rel.init)

.rela.init
 *(.rela.init)

.rel.text
 *(.rel.text)
 *(.rel.text.*)
 *(.rel.gnu.linkonce.t*)

.rela.text
 *(.rela.text)
 *(.rela.text.*)
 *(.rela.gnu.linkonce.t*)

.rel.fini
 *(.rel.fini)

.rela.fini
 *(.rela.fini)

.rel.rodata
 *(.rel.rodata)
 *(.rel.rodata.*)
 *(.rel.gnu.linkonce.r*)

.rela.rodata
 *(.rela.rodata)
 *(.rela.rodata.*)
 *(.rela.gnu.linkonce.r*)

.rel.data
 *(.rel.data)
 *(.rel.data.*)
 *(.rel.gnu.linkonce.d*)

.rela.data
 *(.rela.data)
 *(.rela.data.*)
 *(.rela.gnu.linkonce.d*)

.rel.ctors
 *(.rel.ctors)

.rela.ctors
 *(.rela.ctors)

.rel.dtors
 *(.rel.dtors)

.rela.dtors
 *(.rela.dtors)

.rel.got
 *(.rel.got)

.rela.got
 *(.rela.got)

.rel.bss
 *(.rel.bss)

.rela.bss
 *(.rela.bss)

.rel.plt
 *(.rel.plt)

.rela.plt
 *(.rela.plt)

.text           0x00000000     0x1b04
 *(.vectors)
 .vectors       0x00000000       0x54 C:/avr_toolchain/avr8-gnu-toolchain-win32_x86_64/bin/../lib/gcc/avr/15.1.0/../../../../avr/lib/avr5/crtatmega32.o
                0x00000000                __vector_default
                0x00000000                __vectors
 *(.vectors)
 *(.progmem.gcc*)
                0x00000054                        . = ALIGN (0x2)
                0x00000054                        __trampolines_start = .
 *(.trampolines)
 .trampolines   0x00000054        0x0 linker stubs
 *(.trampolines*)
                0x00000054                        __trampolines_end = .
 *libprintf_flt.a:*(.progmem.data)
 *libc.a:*(.progmem.data)
 *(.progmem.*)
                0x00000054                        . = ALIGN (0x2)
 *(.lowtext)
 *(.lowtext*)
                0x00000054                        __ctors_start = .
 *(.ctors)
                0x00000054                        __ctors_end = .
                0x00000054                        __dtors_start = .
 *(.dtors)
                0x00000054                        __dtors_end = .
 SORT_BY_NAME(*)(.ctors)
 SORT_BY_NAME(*)(.dtors)
 *(.init0)
 .init0         0x00000054        0x0 C:/avr_toolchain/avr8-gnu-toolchain-win32_x86_64/bin/../lib/gcc/avr/15.1.0/../../../../avr/lib/avr5/crtatmega32.o
                0x00000054                __init
 *(.init0)
 *(.init1)
 *(.init1)
 *(.init2)
 .init2         0x00000054        0xc C:/avr_toolchain/avr8-gnu-toolchain-win32_x86_64/bin/../lib/gcc/avr/15.1.0/../../../../avr/lib/avr5/crtatmega32.o
 *(.init2)
 *(.init3)
 *(.init3)
 *(.init4)
 .init4         0x00000060       0x16 C:/avr_toolchain/avr8-gnu-toolchain-win32_x86_64/bin/../lib/gcc/avr/15.1.0/avr5\libgcc.a(_copy_data.o)
                0x00000060                __do_copy_data
 .init4         0x00000076       0x10 C:/avr_toolchain/avr8-gnu-toolchain-win32_x86_64/bin/../lib/gcc/avr/15.1.0/avr5\libgcc.a(_clear_bss.o)
                0x00000076                __do_clear_bss
 *(.init4)
 *(.init5)
 *(.init5)
 *(.init6)
 *(.init6)
 *(.init7)
 *(.init7)
 *(.init8)
 *(.init8)
 *(.init9)
 .init9         0x00000086        0x8 C:/avr_toolchain/avr8-gnu-toolchain-win32_x86_64/bin/../lib/gcc/avr/15.1.0/../../../../avr/lib/avr5/crtatmega32.o
 *(.init9)
 *(.text)
 .text          0x0000008e        0x4 C:/avr_toolchain/avr8-gnu-toolchain-win32_x86_64/bin/../lib/gcc/avr/15.1.0/../../../../avr/lib/avr5/crtatmega32.o
                0x0000008e                __vector_12
                0x0000008e                __bad_interrupt
                0x0000008e                __vector_6
                0x0000008e                __vector_11
                0x0000008e                __vector_17
                0x0000008e                __vector_19
                0x0000008e                __vector_7
                0x0000008e                __vector_5
                0x0000008e                __vector_4
                0x0000008e                __vector_9
                0x0000008e                __vector_8
                0x0000008e                __vector_10
                0x0000008e                __vector_16
                0x0000008e                __vector_18
                0x0000008e                __vector_20
 .text          0x00000092      0x17a C:\LayerdArch2\release\APP\Admin\Admin_Program.c.o
                0x00000092                Admin_Init
                0x00000098                Admin_IsLoggedIn
                0x0000009e                Admin_Logout
                0x000000a4                Admin_Login
                0x00000198                Admin_Process
 .text          0x0000020c      0x19a C:\LayerdArch2\release\APP\Entry\Entry_Program.c.o
                0x0000020c                Entry_Init
                0x00000212                Entry_Process
                0x00000398                Entry_ISR
                0x000003a0                Entry_IsDetected
 .text          0x000003a6       0x12 C:\LayerdArch2\release\APP\Error\Error_Program.c.o
                0x000003a6                Error_Run
 .text          0x000003b8       0x80 C:\LayerdArch2\release\APP\Exit\Exit_Program.c.o
                0x000003b8                Exit_ISR
                0x000003c0                Exit_Init
                0x000003c6                Exit_Process
                0x00000426                Exit_IsDetected
 .text          0x00000438       0x8e C:\LayerdArch2\release\APP\Full\Full_Program.c.o
                0x00000438                Full_Init
                0x0000045c                Full_Activate
                0x0000048a                Full_Deactivate
                0x000004b8                Full_IsActive
 .text          0x000004c6       0x60 C:\LayerdArch2\release\APP\GateController\GateController_Program.c.o
                0x000004c6                GateController_Init
                0x000004d4                GateController_OpenEntry
                0x000004e8                GateController_CloseEntry
                0x000004fa                GateController_OpenExit
                0x0000050e                GateController_CloseExit
                0x00000520                GateController_GetState
 .text          0x00000526       0x3c C:\LayerdArch2\release\APP\Idle\Idle_Program.c.o
                0x00000526                Idle_Init
                0x0000052a                Idle_Run
 .text          0x00000562      0x134 C:\LayerdArch2\release\APP\Init\Init_Program.c.o
                0x00000562                App_Init
 .text          0x00000696       0x26 C:\LayerdArch2\release\APP\ParkingManager\ParkingManager_Program.c.o
                0x00000696                ParkingManager_Init
                0x0000069a                ParkingManager_Run
 .text          0x000006bc       0x50 C:\LayerdArch2\release\APP\SpotCounter\SpotCounter_Program.c.o
                0x000006bc                SpotCounter_Init
                0x000006c6                SpotCounter_Increment
                0x000006da                SpotCounter_Decrement
                0x000006ea                SpotCounter_GetOccupied
                0x000006f0                SpotCounter_GetAvailable
                0x000006fc                SpotCounter_Full
 .text          0x0000070c       0xb0 C:\LayerdArch2\release\HAL\DC_MOTOR\DC_MOTOR_Program.c.o
                0x0000070c                DCM_Init
                0x00000734                DCM_OpenGate
                0x0000076e                DCM_CloseGate
                0x000007a8                DCM_Stop
 .text          0x000007bc      0x1a4 C:\LayerdArch2\release\HAL\KEYPAD\KPD_Program.c.o
                0x000007bc                KeyPad_Init
                0x00000836                KeyPad_Getpressedkey
 .text          0x00000960      0x342 C:\LayerdArch2\release\HAL\LCD\LCD_program.c.o
                0x00000960                LCD_WriteData
                0x00000a00                LCD_WriteInstruction
                0x00000aa0                LCD_Init
                0x00000bbe                LCD_WriteString
                0x00000c06                LCD_GotoXY
                0x00000c2a                LCD_WriteNumber
 .text          0x00000ca2       0x2c C:\LayerdArch2\release\HAL\LED\LED_Program.c.o
                0x00000ca2                Led_Init
                0x00000ca8                Led_on
                0x00000cb8                Led_off
 .text          0x00000cce        0x0 C:\LayerdArch2\release\main.c.o
 .text          0x00000cce      0x202 C:\LayerdArch2\release\MCAL\DIO\DIO_Program.c.o
                0x00000cce                DIO_InitPin
                0x00000d4a                DIO_InitGroup
                0x00000d6a                DIO_WritePin
                0x00000de6                DIO_WriteGroup
                0x00000e06                DIO_ReadPin
                0x00000e42                DIO_ReadGroup
                0x00000e78                DIO_Toggle
 .text          0x00000ed0      0x218 C:\LayerdArch2\release\MCAL\EXTI\EXTI_Program.c.o
                0x00000ed0                EXTI_Init
                0x00000f8a                EXTI_Enable
                0x00000fb0                EXTI_Disable
                0x00000fd6                EXTI_CallBack
                0x00000ff2                __vector_1
                0x00001044                __vector_2
                0x00001096                __vector_3
 .text          0x000010e8       0x10 C:\LayerdArch2\release\MCAL\GIE\GIE_Programe.c.o
                0x000010e8                GIE_Enable
                0x000010f0                GIE_Disable
 .text          0x000010f8      0x3ac C:\LayerdArch2\release\MCAL\UART\Uart_Program.c.o
                0x000010f8                UART_Init
                0x00001282                UART_SendBytePolling
                0x000012a0                UART_ReceiveBytePolling
                0x000012b6                UART_SendStringPolling
                0x000012e0                UART_ReceiveStringPolling
                0x00001330                UART_SendBufferPolling
                0x00001356                UART_EnableRX
                0x0000135a                UART_EnableTX
                0x0000135e                UART_DisableRX
                0x00001362                UART_DisableTX
                0x00001366                UART_SendByteInterrupt
                0x00001368                UART_EnableRXInterrupt
                0x0000136c                UART_EnableTXInterrupt
                0x00001370                UART_EnableREInterrupt
                0x00001374                UART_DisableRXInterrupt
                0x00001378                UART_DisableTXInterrupt
                0x0000137c                UART_DisableREInterrupt
                0x00001380                UART_SetRXCallback
                0x0000138e                UART_SetTXCallback
                0x0000139c                UART_SetRECallback
                0x000013aa                __vector_13
                0x00001400                __vector_15
                0x00001452                __vector_14
 .text          0x000014a4        0x0 C:/avr_toolchain/avr8-gnu-toolchain-win32_x86_64/bin/../lib/gcc/avr/15.1.0/avr5\libgcc.a(_udivmodsi4.o)
 .text          0x000014a4        0x0 C:/avr_toolchain/avr8-gnu-toolchain-win32_x86_64/bin/../lib/gcc/avr/15.1.0/avr5\libgcc.a(_exit.o)
 .text          0x000014a4        0x0 C:/avr_toolchain/avr8-gnu-toolchain-win32_x86_64/bin/../lib/gcc/avr/15.1.0/avr5\libgcc.a(_tablejump2.o)
 .text          0x000014a4        0x0 C:/avr_toolchain/avr8-gnu-toolchain-win32_x86_64/bin/../lib/gcc/avr/15.1.0/avr5\libgcc.a(_copy_data.o)
 .text          0x000014a4        0x0 C:/avr_toolchain/avr8-gnu-toolchain-win32_x86_64/bin/../lib/gcc/avr/15.1.0/avr5\libgcc.a(_clear_bss.o)
 .text          0x000014a4        0x0 C:/avr_toolchain/avr8-gnu-toolchain-win32_x86_64/bin/../lib/gcc/avr/15.1.0/../../../../avr/lib/avr5\libc.a(sprintf.o)
 .text          0x000014a4        0x0 C:/avr_toolchain/avr8-gnu-toolchain-win32_x86_64/bin/../lib/gcc/avr/15.1.0/../../../../avr/lib/avr5\libc.a(vfprintf_std.o)
 .text          0x000014a4        0x0 C:/avr_toolchain/avr8-gnu-toolchain-win32_x86_64/bin/../lib/gcc/avr/15.1.0/../../../../avr/lib/avr5\libc.a(strnlen_P.o)
 .text          0x000014a4        0x0 C:/avr_toolchain/avr8-gnu-toolchain-win32_x86_64/bin/../lib/gcc/avr/15.1.0/../../../../avr/lib/avr5\libc.a(strnlen.o)
 .text          0x000014a4        0x0 C:/avr_toolchain/avr8-gnu-toolchain-win32_x86_64/bin/../lib/gcc/avr/15.1.0/../../../../avr/lib/avr5\libc.a(fputc.o)
 .text          0x000014a4        0x0 C:/avr_toolchain/avr8-gnu-toolchain-win32_x86_64/bin/../lib/gcc/avr/15.1.0/../../../../avr/lib/avr5\libc.a(ultoa_invert.o)
 .text          0x000014a4        0x0 C:/avr_toolchain/avr8-gnu-toolchain-win32_x86_64/bin/../lib/gcc/avr/15.1.0/avr5\libgcc.a(_negsi2.o)
 .text          0x000014a4        0x0 C:/avr_toolchain/avr8-gnu-toolchain-win32_x86_64/bin/../lib/gcc/avr/15.1.0/avr5\libgcc.a(_prologue.o)
 .text          0x000014a4        0x0 C:/avr_toolchain/avr8-gnu-toolchain-win32_x86_64/bin/../lib/gcc/avr/15.1.0/avr5\libgcc.a(_epilogue.o)
                0x000014a4                        . = ALIGN (0x2)
 *(.text.*)
 .text.startup  0x000014a4        0xe C:\LayerdArch2\release\main.c.o
                0x000014a4                main
 .text.libgcc.mul
                0x000014b2        0x0 C:/avr_toolchain/avr8-gnu-toolchain-win32_x86_64/bin/../lib/gcc/avr/15.1.0/avr5\libgcc.a(_udivmodsi4.o)
 .text.libgcc.div
                0x000014b2       0x44 C:/avr_toolchain/avr8-gnu-toolchain-win32_x86_64/bin/../lib/gcc/avr/15.1.0/avr5\libgcc.a(_udivmodsi4.o)
                0x000014b2                __udivmodsi4
 .text.libgcc   0x000014f6        0x0 C:/avr_toolchain/avr8-gnu-toolchain-win32_x86_64/bin/../lib/gcc/avr/15.1.0/avr5\libgcc.a(_udivmodsi4.o)
 .text.libgcc.prologue
                0x000014f6        0x0 C:/avr_toolchain/avr8-gnu-toolchain-win32_x86_64/bin/../lib/gcc/avr/15.1.0/avr5\libgcc.a(_udivmodsi4.o)
 .text.libgcc.builtins
                0x000014f6        0x0 C:/avr_toolchain/avr8-gnu-toolchain-win32_x86_64/bin/../lib/gcc/avr/15.1.0/avr5\libgcc.a(_udivmodsi4.o)
 .text.libgcc.fmul
                0x000014f6        0x0 C:/avr_toolchain/avr8-gnu-toolchain-win32_x86_64/bin/../lib/gcc/avr/15.1.0/avr5\libgcc.a(_udivmodsi4.o)
 .text.libgcc.fixed
                0x000014f6        0x0 C:/avr_toolchain/avr8-gnu-toolchain-win32_x86_64/bin/../lib/gcc/avr/15.1.0/avr5\libgcc.a(_udivmodsi4.o)
 .text.libgcc.mul
                0x000014f6        0x0 C:/avr_toolchain/avr8-gnu-toolchain-win32_x86_64/bin/../lib/gcc/avr/15.1.0/avr5\libgcc.a(_exit.o)
 .text.libgcc.div
                0x000014f6        0x0 C:/avr_toolchain/avr8-gnu-toolchain-win32_x86_64/bin/../lib/gcc/avr/15.1.0/avr5\libgcc.a(_exit.o)
 .text.libgcc   0x000014f6        0x0 C:/avr_toolchain/avr8-gnu-toolchain-win32_x86_64/bin/../lib/gcc/avr/15.1.0/avr5\libgcc.a(_exit.o)
 .text.libgcc.prologue
                0x000014f6        0x0 C:/avr_toolchain/avr8-gnu-toolchain-win32_x86_64/bin/../lib/gcc/avr/15.1.0/avr5\libgcc.a(_exit.o)
 .text.libgcc.builtins
                0x000014f6        0x0 C:/avr_toolchain/avr8-gnu-toolchain-win32_x86_64/bin/../lib/gcc/avr/15.1.0/avr5\libgcc.a(_exit.o)
 .text.libgcc.fmul
                0x000014f6        0x0 C:/avr_toolchain/avr8-gnu-toolchain-win32_x86_64/bin/../lib/gcc/avr/15.1.0/avr5\libgcc.a(_exit.o)
 .text.libgcc.fixed
                0x000014f6        0x0 C:/avr_toolchain/avr8-gnu-toolchain-win32_x86_64/bin/../lib/gcc/avr/15.1.0/avr5\libgcc.a(_exit.o)
 .text.libgcc.mul
                0x000014f6        0x0 C:/avr_toolchain/avr8-gnu-toolchain-win32_x86_64/bin/../lib/gcc/avr/15.1.0/avr5\libgcc.a(_tablejump2.o)
 .text.libgcc.div
                0x000014f6        0x0 C:/avr_toolchain/avr8-gnu-toolchain-win32_x86_64/bin/../lib/gcc/avr/15.1.0/avr5\libgcc.a(_tablejump2.o)
 .text.libgcc   0x000014f6        0xc C:/avr_toolchain/avr8-gnu-toolchain-win32_x86_64/bin/../lib/gcc/avr/15.1.0/avr5\libgcc.a(_tablejump2.o)
                0x000014f6                __tablejump2__
 .text.libgcc.prologue
                0x00001502        0x0 C:/avr_toolchain/avr8-gnu-toolchain-win32_x86_64/bin/../lib/gcc/avr/15.1.0/avr5\libgcc.a(_tablejump2.o)
 .text.libgcc.builtins
                0x00001502        0x0 C:/avr_toolchain/avr8-gnu-toolchain-win32_x86_64/bin/../lib/gcc/avr/15.1.0/avr5\libgcc.a(_tablejump2.o)
 .text.libgcc.fmul
                0x00001502        0x0 C:/avr_toolchain/avr8-gnu-toolchain-win32_x86_64/bin/../lib/gcc/avr/15.1.0/avr5\libgcc.a(_tablejump2.o)
 .text.libgcc.fixed
                0x00001502        0x0 C:/avr_toolchain/avr8-gnu-toolchain-win32_x86_64/bin/../lib/gcc/avr/15.1.0/avr5\libgcc.a(_tablejump2.o)
 .text.libgcc.mul
                0x00001502        0x0 C:/avr_toolchain/avr8-gnu-toolchain-win32_x86_64/bin/../lib/gcc/avr/15.1.0/avr5\libgcc.a(_copy_data.o)
 .text.libgcc.div
                0x00001502        0x0 C:/avr_toolchain/avr8-gnu-toolchain-win32_x86_64/bin/../lib/gcc/avr/15.1.0/avr5\libgcc.a(_copy_data.o)
 .text.libgcc   0x00001502        0x0 C:/avr_toolchain/avr8-gnu-toolchain-win32_x86_64/bin/../lib/gcc/avr/15.1.0/avr5\libgcc.a(_copy_data.o)
 .text.libgcc.prologue
                0x00001502        0x0 C:/avr_toolchain/avr8-gnu-toolchain-win32_x86_64/bin/../lib/gcc/avr/15.1.0/avr5\libgcc.a(_copy_data.o)
 .text.libgcc.builtins
                0x00001502        0x0 C:/avr_toolchain/avr8-gnu-toolchain-win32_x86_64/bin/../lib/gcc/avr/15.1.0/avr5\libgcc.a(_copy_data.o)
 .text.libgcc.fmul
                0x00001502        0x0 C:/avr_toolchain/avr8-gnu-toolchain-win32_x86_64/bin/../lib/gcc/avr/15.1.0/avr5\libgcc.a(_copy_data.o)
 .text.libgcc.fixed
                0x00001502        0x0 C:/avr_toolchain/avr8-gnu-toolchain-win32_x86_64/bin/../lib/gcc/avr/15.1.0/avr5\libgcc.a(_copy_data.o)
 .text.libgcc.mul
                0x00001502        0x0 C:/avr_toolchain/avr8-gnu-toolchain-win32_x86_64/bin/../lib/gcc/avr/15.1.0/avr5\libgcc.a(_clear_bss.o)
 .text.libgcc.div
                0x00001502        0x0 C:/avr_toolchain/avr8-gnu-toolchain-win32_x86_64/bin/../lib/gcc/avr/15.1.0/avr5\libgcc.a(_clear_bss.o)
 .text.libgcc   0x00001502        0x0 C:/avr_toolchain/avr8-gnu-toolchain-win32_x86_64/bin/../lib/gcc/avr/15.1.0/avr5\libgcc.a(_clear_bss.o)
 .text.libgcc.prologue
                0x00001502        0x0 C:/avr_toolchain/avr8-gnu-toolchain-win32_x86_64/bin/../lib/gcc/avr/15.1.0/avr5\libgcc.a(_clear_bss.o)
 .text.libgcc.builtins
                0x00001502        0x0 C:/avr_toolchain/avr8-gnu-toolchain-win32_x86_64/bin/../lib/gcc/avr/15.1.0/avr5\libgcc.a(_clear_bss.o)
 .text.libgcc.fmul
                0x00001502        0x0 C:/avr_toolchain/avr8-gnu-toolchain-win32_x86_64/bin/../lib/gcc/avr/15.1.0/avr5\libgcc.a(_clear_bss.o)
 .text.libgcc.fixed
                0x00001502        0x0 C:/avr_toolchain/avr8-gnu-toolchain-win32_x86_64/bin/../lib/gcc/avr/15.1.0/avr5\libgcc.a(_clear_bss.o)
 .text.avr-libc
                0x00001502       0x48 C:/avr_toolchain/avr8-gnu-toolchain-win32_x86_64/bin/../lib/gcc/avr/15.1.0/../../../../avr/lib/avr5\libc.a(sprintf.o)
                0x00001502                sprintf
 .text.avr-libc
                0x0000154a      0x3e2 C:/avr_toolchain/avr8-gnu-toolchain-win32_x86_64/bin/../lib/gcc/avr/15.1.0/../../../../avr/lib/avr5\libc.a(vfprintf_std.o)
                0x0000154a                vfprintf
 .text.avr-libc
                0x0000192c       0x16 C:/avr_toolchain/avr8-gnu-toolchain-win32_x86_64/bin/../lib/gcc/avr/15.1.0/../../../../avr/lib/avr5\libc.a(strnlen_P.o)
                0x0000192c                strnlen_P
 .text.avr-libc
                0x00001942       0x16 C:/avr_toolchain/avr8-gnu-toolchain-win32_x86_64/bin/../lib/gcc/avr/15.1.0/../../../../avr/lib/avr5\libc.a(strnlen.o)
                0x00001942                strnlen
 .text.avr-libc
                0x00001958       0x60 C:/avr_toolchain/avr8-gnu-toolchain-win32_x86_64/bin/../lib/gcc/avr/15.1.0/../../../../avr/lib/avr5\libc.a(fputc.o)
                0x00001958                fputc
 .text.avr-libc
                0x000019b8       0xbc C:/avr_toolchain/avr8-gnu-toolchain-win32_x86_64/bin/../lib/gcc/avr/15.1.0/../../../../avr/lib/avr5\libc.a(ultoa_invert.o)
                0x000019b8                __ultoa_invert
 .text.libgcc.mul
                0x00001a74        0x0 C:/avr_toolchain/avr8-gnu-toolchain-win32_x86_64/bin/../lib/gcc/avr/15.1.0/avr5\libgcc.a(_negsi2.o)
 .text.libgcc.div
                0x00001a74       0x10 C:/avr_toolchain/avr8-gnu-toolchain-win32_x86_64/bin/../lib/gcc/avr/15.1.0/avr5\libgcc.a(_negsi2.o)
                0x00001a74                __negsi2
 .text.libgcc   0x00001a84        0x0 C:/avr_toolchain/avr8-gnu-toolchain-win32_x86_64/bin/../lib/gcc/avr/15.1.0/avr5\libgcc.a(_negsi2.o)
 .text.libgcc.prologue
                0x00001a84        0x0 C:/avr_toolchain/avr8-gnu-toolchain-win32_x86_64/bin/../lib/gcc/avr/15.1.0/avr5\libgcc.a(_negsi2.o)
 .text.libgcc.builtins
                0x00001a84        0x0 C:/avr_toolchain/avr8-gnu-toolchain-win32_x86_64/bin/../lib/gcc/avr/15.1.0/avr5\libgcc.a(_negsi2.o)
 .text.libgcc.fmul
                0x00001a84        0x0 C:/avr_toolchain/avr8-gnu-toolchain-win32_x86_64/bin/../lib/gcc/avr/15.1.0/avr5\libgcc.a(_negsi2.o)
 .text.libgcc.fixed
                0x00001a84        0x0 C:/avr_toolchain/avr8-gnu-toolchain-win32_x86_64/bin/../lib/gcc/avr/15.1.0/avr5\libgcc.a(_negsi2.o)
 .text.libgcc.mul
                0x00001a84        0x0 C:/avr_toolchain/avr8-gnu-toolchain-win32_x86_64/bin/../lib/gcc/avr/15.1.0/avr5\libgcc.a(_prologue.o)
 .text.libgcc.div
                0x00001a84        0x0 C:/avr_toolchain/avr8-gnu-toolchain-win32_x86_64/bin/../lib/gcc/avr/15.1.0/avr5\libgcc.a(_prologue.o)
 .text.libgcc   0x00001a84        0x0 C:/avr_toolchain/avr8-gnu-toolchain-win32_x86_64/bin/../lib/gcc/avr/15.1.0/avr5\libgcc.a(_prologue.o)
 .text.libgcc.prologue
                0x00001a84       0x38 C:/avr_toolchain/avr8-gnu-toolchain-win32_x86_64/bin/../lib/gcc/avr/15.1.0/avr5\libgcc.a(_prologue.o)
                0x00001a84                __prologue_saves__
 .text.libgcc.builtins
                0x00001abc        0x0 C:/avr_toolchain/avr8-gnu-toolchain-win32_x86_64/bin/../lib/gcc/avr/15.1.0/avr5\libgcc.a(_prologue.o)
 .text.libgcc.fmul
                0x00001abc        0x0 C:/avr_toolchain/avr8-gnu-toolchain-win32_x86_64/bin/../lib/gcc/avr/15.1.0/avr5\libgcc.a(_prologue.o)
 .text.libgcc.fixed
                0x00001abc        0x0 C:/avr_toolchain/avr8-gnu-toolchain-win32_x86_64/bin/../lib/gcc/avr/15.1.0/avr5\libgcc.a(_prologue.o)
 .text.libgcc.mul
                0x00001abc        0x0 C:/avr_toolchain/avr8-gnu-toolchain-win32_x86_64/bin/../lib/gcc/avr/15.1.0/avr5\libgcc.a(_epilogue.o)
 .text.libgcc.div
                0x00001abc        0x0 C:/avr_toolchain/avr8-gnu-toolchain-win32_x86_64/bin/../lib/gcc/avr/15.1.0/avr5\libgcc.a(_epilogue.o)
 .text.libgcc   0x00001abc        0x0 C:/avr_toolchain/avr8-gnu-toolchain-win32_x86_64/bin/../lib/gcc/avr/15.1.0/avr5\libgcc.a(_epilogue.o)
 .text.libgcc.prologue
                0x00001abc       0x36 C:/avr_toolchain/avr8-gnu-toolchain-win32_x86_64/bin/../lib/gcc/avr/15.1.0/avr5\libgcc.a(_epilogue.o)
                0x00001abc                __epilogue_restores__
 .text.libgcc.builtins
                0x00001af2        0x0 C:/avr_toolchain/avr8-gnu-toolchain-win32_x86_64/bin/../lib/gcc/avr/15.1.0/avr5\libgcc.a(_epilogue.o)
 .text.libgcc.fmul
                0x00001af2        0x0 C:/avr_toolchain/avr8-gnu-toolchain-win32_x86_64/bin/../lib/gcc/avr/15.1.0/avr5\libgcc.a(_epilogue.o)
 .text.libgcc.fixed
                0x00001af2        0x0 C:/avr_toolchain/avr8-gnu-toolchain-win32_x86_64/bin/../lib/gcc/avr/15.1.0/avr5\libgcc.a(_epilogue.o)
                0x00001af2                        . = ALIGN (0x2)
 *(.fini9)
 .fini9         0x00001af2        0x0 C:/avr_toolchain/avr8-gnu-toolchain-win32_x86_64/bin/../lib/gcc/avr/15.1.0/avr5\libgcc.a(_exit.o)
                0x00001af2                _exit
                0x00001af2                exit
 *(.fini9)
 *(.fini8)
 *(.fini8)
 *(.fini7)
 *(.fini7)
 *(.fini6)
 *(.fini6)
 *(.fini5)
 *(.fini5)
 *(.fini4)
 *(.fini4)
 *(.fini3)
 *(.fini3)
 *(.fini2)
 *(.fini2)
 *(.fini1)
 *(.fini1)
 *(.fini0)
 .fini0         0x00001af2        0x4 C:/avr_toolchain/avr8-gnu-toolchain-win32_x86_64/bin/../lib/gcc/avr/15.1.0/avr5\libgcc.a(_exit.o)
 *(.fini0)
 *(.hightext)
 *(.hightext*)
 *(.progmemx.*)
                0x00001af6                        . = ALIGN (0x2)
 *(.jumptables)
 *(.jumptables*)
 .jumptables.gcc.UART_Init
                0x00001af6        0xe C:\LayerdArch2\release\MCAL\UART\Uart_Program.c.o
                0x00001b04                        _etext = .

.data           0x00800060      0x1a4 load address 0x00001b04
                0x00800060                        PROVIDE (__data_start = .)
 *(.data)
 .data          0x00800060        0x0 C:/avr_toolchain/avr8-gnu-toolchain-win32_x86_64/bin/../lib/gcc/avr/15.1.0/../../../../avr/lib/avr5/crtatmega32.o
 .data          0x00800060        0x0 C:\LayerdArch2\release\APP\Admin\Admin_Program.c.o
 .data          0x00800060        0x0 C:\LayerdArch2\release\APP\Entry\Entry_Program.c.o
 .data          0x00800060        0x0 C:\LayerdArch2\release\APP\Error\Error_Program.c.o
 .data          0x00800060        0x0 C:\LayerdArch2\release\APP\Exit\Exit_Program.c.o
 .data          0x00800060        0x0 C:\LayerdArch2\release\APP\Full\Full_Program.c.o
 .data          0x00800060        0x0 C:\LayerdArch2\release\APP\GateController\GateController_Program.c.o
 .data          0x00800060        0x1 C:\LayerdArch2\release\APP\Idle\Idle_Program.c.o
 .data          0x00800061        0x0 C:\LayerdArch2\release\APP\Init\Init_Program.c.o
 .data          0x00800061        0x0 C:\LayerdArch2\release\APP\ParkingManager\ParkingManager_Program.c.o
 .data          0x00800061        0x0 C:\LayerdArch2\release\APP\SpotCounter\SpotCounter_Program.c.o
 .data          0x00800061        0x0 C:\LayerdArch2\release\HAL\DC_MOTOR\DC_MOTOR_Program.c.o
 .data          0x00800061        0x0 C:\LayerdArch2\release\HAL\KEYPAD\KPD_Program.c.o
 .data          0x00800061        0x0 C:\LayerdArch2\release\HAL\LCD\LCD_program.c.o
 .data          0x00800061        0x0 C:\LayerdArch2\release\HAL\LED\LED_Program.c.o
 .data          0x00800061        0x0 C:\LayerdArch2\release\main.c.o
 .data          0x00800061        0x0 C:\LayerdArch2\release\MCAL\DIO\DIO_Program.c.o
 .data          0x00800061        0x0 C:\LayerdArch2\release\MCAL\EXTI\EXTI_Program.c.o
 .data          0x00800061        0x0 C:\LayerdArch2\release\MCAL\GIE\GIE_Programe.c.o
 .data          0x00800061        0x0 C:\LayerdArch2\release\MCAL\UART\Uart_Program.c.o
 .data          0x00800061        0x0 C:/avr_toolchain/avr8-gnu-toolchain-win32_x86_64/bin/../lib/gcc/avr/15.1.0/avr5\libgcc.a(_udivmodsi4.o)
 .data          0x00800061        0x0 C:/avr_toolchain/avr8-gnu-toolchain-win32_x86_64/bin/../lib/gcc/avr/15.1.0/avr5\libgcc.a(_exit.o)
 .data          0x00800061        0x0 C:/avr_toolchain/avr8-gnu-toolchain-win32_x86_64/bin/../lib/gcc/avr/15.1.0/avr5\libgcc.a(_tablejump2.o)
 .data          0x00800061        0x0 C:/avr_toolchain/avr8-gnu-toolchain-win32_x86_64/bin/../lib/gcc/avr/15.1.0/avr5\libgcc.a(_copy_data.o)
 .data          0x00800061        0x0 C:/avr_toolchain/avr8-gnu-toolchain-win32_x86_64/bin/../lib/gcc/avr/15.1.0/avr5\libgcc.a(_clear_bss.o)
 .data          0x00800061        0x0 C:/avr_toolchain/avr8-gnu-toolchain-win32_x86_64/bin/../lib/gcc/avr/15.1.0/../../../../avr/lib/avr5\libc.a(sprintf.o)
 .data          0x00800061        0x0 C:/avr_toolchain/avr8-gnu-toolchain-win32_x86_64/bin/../lib/gcc/avr/15.1.0/../../../../avr/lib/avr5\libc.a(vfprintf_std.o)
 .data          0x00800061        0x0 C:/avr_toolchain/avr8-gnu-toolchain-win32_x86_64/bin/../lib/gcc/avr/15.1.0/../../../../avr/lib/avr5\libc.a(strnlen_P.o)
 .data          0x00800061        0x0 C:/avr_toolchain/avr8-gnu-toolchain-win32_x86_64/bin/../lib/gcc/avr/15.1.0/../../../../avr/lib/avr5\libc.a(strnlen.o)
 .data          0x00800061        0x0 C:/avr_toolchain/avr8-gnu-toolchain-win32_x86_64/bin/../lib/gcc/avr/15.1.0/../../../../avr/lib/avr5\libc.a(fputc.o)
 .data          0x00800061        0x0 C:/avr_toolchain/avr8-gnu-toolchain-win32_x86_64/bin/../lib/gcc/avr/15.1.0/../../../../avr/lib/avr5\libc.a(ultoa_invert.o)
 .data          0x00800061        0x0 C:/avr_toolchain/avr8-gnu-toolchain-win32_x86_64/bin/../lib/gcc/avr/15.1.0/avr5\libgcc.a(_negsi2.o)
 .data          0x00800061        0x0 C:/avr_toolchain/avr8-gnu-toolchain-win32_x86_64/bin/../lib/gcc/avr/15.1.0/avr5\libgcc.a(_prologue.o)
 .data          0x00800061        0x0 C:/avr_toolchain/avr8-gnu-toolchain-win32_x86_64/bin/../lib/gcc/avr/15.1.0/avr5\libgcc.a(_epilogue.o)
 *(.data*)
 *(.gnu.linkonce.d*)
 *(.rodata)
 .rodata        0x00800061        0xb C:\LayerdArch2\release\APP\Init\Init_Program.c.o
 .rodata        0x0080006c       0x20 C:\LayerdArch2\release\HAL\KEYPAD\KPD_Program.c.o
 *(.rodata*)
 .rodata.str1.1
                0x0080008c      0x178 C:\LayerdArch2\release\APP\Admin\Admin_Program.c.o
                                 0x5e (size before relaxing)
 .rodata.str1.1
                0x00800204       0x53 C:\LayerdArch2\release\APP\Entry\Entry_Program.c.o
 .rodata.str1.1
                0x00800204        0xd C:\LayerdArch2\release\APP\Error\Error_Program.c.o
 .rodata.str1.1
                0x00800204       0x20 C:\LayerdArch2\release\APP\Exit\Exit_Program.c.o
 .rodata.str1.1
                0x00800204       0x40 C:\LayerdArch2\release\APP\Full\Full_Program.c.o
 .rodata.str1.1
                0x00800204       0x4a C:\LayerdArch2\release\APP\GateController\GateController_Program.c.o
 .rodata.str1.1
                0x00800204        0xc C:\LayerdArch2\release\APP\Idle\Idle_Program.c.o
 .rodata.str1.1
                0x00800204       0x1b C:\LayerdArch2\release\APP\Init\Init_Program.c.o
 .rodata.str1.1
                0x00800204        0x4 C:\LayerdArch2\release\HAL\LCD\LCD_program.c.o
 *(.gnu.linkonce.r*)
                0x00800258                        . = ALIGN (0x2)
                0x00800204                        _edata = .
                0x00800204                        PROVIDE (__data_end = .)

.bss            0x00800204       0x1d
                0x00800204                        PROVIDE (__bss_start = .)
 *(.bss)
 .bss           0x00800204        0x0 C:/avr_toolchain/avr8-gnu-toolchain-win32_x86_64/bin/../lib/gcc/avr/15.1.0/../../../../avr/lib/avr5/crtatmega32.o
 .bss           0x00800204        0x1 C:\LayerdArch2\release\APP\Admin\Admin_Program.c.o
 .bss           0x00800205        0x1 C:\LayerdArch2\release\APP\Entry\Entry_Program.c.o
                0x00800205                EntryFlag
 .bss           0x00800206        0x0 C:\LayerdArch2\release\APP\Error\Error_Program.c.o
 .bss           0x00800206        0x1 C:\LayerdArch2\release\APP\Exit\Exit_Program.c.o
                0x00800206                ExitFlag
 .bss           0x00800207        0x0 C:\LayerdArch2\release\APP\Full\Full_Program.c.o
 .bss           0x00800207        0x1 C:\LayerdArch2\release\APP\GateController\GateController_Program.c.o
 .bss           0x00800208        0x0 C:\LayerdArch2\release\APP\Idle\Idle_Program.c.o
 .bss           0x00800208        0x0 C:\LayerdArch2\release\APP\Init\Init_Program.c.o
 .bss           0x00800208        0x0 C:\LayerdArch2\release\APP\ParkingManager\ParkingManager_Program.c.o
 .bss           0x00800208        0x2 C:\LayerdArch2\release\APP\SpotCounter\SpotCounter_Program.c.o
 .bss           0x0080020a        0x0 C:\LayerdArch2\release\HAL\DC_MOTOR\DC_MOTOR_Program.c.o
 .bss           0x0080020a        0x0 C:\LayerdArch2\release\HAL\KEYPAD\KPD_Program.c.o
 .bss           0x0080020a        0x0 C:\LayerdArch2\release\HAL\LCD\LCD_program.c.o
 .bss           0x0080020a        0x0 C:\LayerdArch2\release\HAL\LED\LED_Program.c.o
 .bss           0x0080020a        0x0 C:\LayerdArch2\release\main.c.o
 .bss           0x0080020a        0x0 C:\LayerdArch2\release\MCAL\DIO\DIO_Program.c.o
 .bss           0x0080020a        0x6 C:\LayerdArch2\release\MCAL\EXTI\EXTI_Program.c.o
 .bss           0x00800210        0x0 C:\LayerdArch2\release\MCAL\GIE\GIE_Programe.c.o
 .bss           0x00800210       0x11 C:\LayerdArch2\release\MCAL\UART\Uart_Program.c.o
 .bss           0x00800221        0x0 C:/avr_toolchain/avr8-gnu-toolchain-win32_x86_64/bin/../lib/gcc/avr/15.1.0/avr5\libgcc.a(_udivmodsi4.o)
 .bss           0x00800221        0x0 C:/avr_toolchain/avr8-gnu-toolchain-win32_x86_64/bin/../lib/gcc/avr/15.1.0/avr5\libgcc.a(_exit.o)
 .bss           0x00800221        0x0 C:/avr_toolchain/avr8-gnu-toolchain-win32_x86_64/bin/../lib/gcc/avr/15.1.0/avr5\libgcc.a(_tablejump2.o)
 .bss           0x00800221        0x0 C:/avr_toolchain/avr8-gnu-toolchain-win32_x86_64/bin/../lib/gcc/avr/15.1.0/avr5\libgcc.a(_copy_data.o)
 .bss           0x00800221        0x0 C:/avr_toolchain/avr8-gnu-toolchain-win32_x86_64/bin/../lib/gcc/avr/15.1.0/avr5\libgcc.a(_clear_bss.o)
 .bss           0x00800221        0x0 C:/avr_toolchain/avr8-gnu-toolchain-win32_x86_64/bin/../lib/gcc/avr/15.1.0/../../../../avr/lib/avr5\libc.a(sprintf.o)
 .bss           0x00800221        0x0 C:/avr_toolchain/avr8-gnu-toolchain-win32_x86_64/bin/../lib/gcc/avr/15.1.0/../../../../avr/lib/avr5\libc.a(vfprintf_std.o)
 .bss           0x00800221        0x0 C:/avr_toolchain/avr8-gnu-toolchain-win32_x86_64/bin/../lib/gcc/avr/15.1.0/../../../../avr/lib/avr5\libc.a(strnlen_P.o)
 .bss           0x00800221        0x0 C:/avr_toolchain/avr8-gnu-toolchain-win32_x86_64/bin/../lib/gcc/avr/15.1.0/../../../../avr/lib/avr5\libc.a(strnlen.o)
 .bss           0x00800221        0x0 C:/avr_toolchain/avr8-gnu-toolchain-win32_x86_64/bin/../lib/gcc/avr/15.1.0/../../../../avr/lib/avr5\libc.a(fputc.o)
 .bss           0x00800221        0x0 C:/avr_toolchain/avr8-gnu-toolchain-win32_x86_64/bin/../lib/gcc/avr/15.1.0/../../../../avr/lib/avr5\libc.a(ultoa_invert.o)
 .bss           0x00800221        0x0 C:/avr_toolchain/avr8-gnu-toolchain-win32_x86_64/bin/../lib/gcc/avr/15.1.0/avr5\libgcc.a(_negsi2.o)
 .bss           0x00800221        0x0 C:/avr_toolchain/avr8-gnu-toolchain-win32_x86_64/bin/../lib/gcc/avr/15.1.0/avr5\libgcc.a(_prologue.o)
 .bss           0x00800221        0x0 C:/avr_toolchain/avr8-gnu-toolchain-win32_x86_64/bin/../lib/gcc/avr/15.1.0/avr5\libgcc.a(_epilogue.o)
 *(.bss*)
 *(COMMON)
                0x00800221                        PROVIDE (__bss_end = .)
                0x00001b04                        __data_load_start = LOADADDR (.data)
                0x00001ca8                        __data_load_end = (__data_load_start + SIZEOF (.data))

.noinit         0x00800221        0x0
                [!provide]                        PROVIDE (__noinit_start = .)
 *(.noinit .noinit.* .gnu.linkonce.n.*)
                [!provide]                        PROVIDE (__noinit_end = .)
                0x00800221                        _end = .
                [!provide]                        PROVIDE (__heap_start = .)
                0x00000000                        __flmap_init_label = DEFINED (__flmap_noinit_start)?__flmap_noinit_start:0x0
                0x00000000                        __flmap = DEFINED (__flmap)?__flmap:0x0

.eeprom         0x00810000        0x0
 *(.eeprom*)
                0x00810000                        __eeprom_end = .

.fuse
 *(.fuse)
 *(.lfuse)
 *(.hfuse)
 *(.efuse)

.lock
 *(.lock*)

.signature
 *(.signature*)

.stab
 *(.stab)

.stabstr
 *(.stabstr)

.stab.excl
 *(.stab.excl)

.stab.exclstr
 *(.stab.exclstr)

.stab.index
 *(.stab.index)

.stab.indexstr
 *(.stab.indexstr)

.comment        0x00000000       0x5c
 *(.comment)
 .comment       0x00000000       0x5c C:\LayerdArch2\release\APP\Admin\Admin_Program.c.o
                                 0x30 (size before relaxing)
 .comment       0x0000005c       0x30 C:\LayerdArch2\release\APP\Entry\Entry_Program.c.o
 .comment       0x0000005c       0x30 C:\LayerdArch2\release\APP\Error\Error_Program.c.o
 .comment       0x0000005c       0x30 C:\LayerdArch2\release\APP\Exit\Exit_Program.c.o
 .comment       0x0000005c       0x30 C:\LayerdArch2\release\APP\Full\Full_Program.c.o
 .comment       0x0000005c       0x30 C:\LayerdArch2\release\APP\GateController\GateController_Program.c.o
 .comment       0x0000005c       0x30 C:\LayerdArch2\release\APP\Idle\Idle_Program.c.o
 .comment       0x0000005c       0x30 C:\LayerdArch2\release\APP\Init\Init_Program.c.o
 .comment       0x0000005c       0x30 C:\LayerdArch2\release\APP\ParkingManager\ParkingManager_Program.c.o
 .comment       0x0000005c       0x30 C:\LayerdArch2\release\APP\SpotCounter\SpotCounter_Program.c.o
 .comment       0x0000005c       0x30 C:\LayerdArch2\release\HAL\DC_MOTOR\DC_MOTOR_Program.c.o
 .comment       0x0000005c       0x30 C:\LayerdArch2\release\HAL\KEYPAD\KPD_Program.c.o
 .comment       0x0000005c       0x30 C:\LayerdArch2\release\HAL\LCD\LCD_program.c.o
 .comment       0x0000005c       0x30 C:\LayerdArch2\release\HAL\LED\LED_Program.c.o
 .comment       0x0000005c       0x30 C:\LayerdArch2\release\main.c.o
 .comment       0x0000005c       0x30 C:\LayerdArch2\release\MCAL\DIO\DIO_Program.c.o
 .comment       0x0000005c       0x30 C:\LayerdArch2\release\MCAL\EXTI\EXTI_Program.c.o
 .comment       0x0000005c       0x30 C:\LayerdArch2\release\MCAL\GIE\GIE_Programe.c.o
 .comment       0x0000005c       0x30 C:\LayerdArch2\release\MCAL\UART\Uart_Program.c.o
 .comment       0x0000005c       0x30 C:/avr_toolchain/avr8-gnu-toolchain-win32_x86_64/bin/../lib/gcc/avr/15.1.0/../../../../avr/lib/avr5\libc.a(sprintf.o)
 .comment       0x0000005c       0x2e C:/avr_toolchain/avr8-gnu-toolchain-win32_x86_64/bin/../lib/gcc/avr/15.1.0/../../../../avr/lib/avr5\libc.a(vfprintf_std.o)
 .comment       0x0000005c       0x30 C:/avr_toolchain/avr8-gnu-toolchain-win32_x86_64/bin/../lib/gcc/avr/15.1.0/../../../../avr/lib/avr5\libc.a(fputc.o)

.note.gnu.avr.deviceinfo
                0x00000000       0x3c
 .note.gnu.avr.deviceinfo
                0x00000000       0x3c C:/avr_toolchain/avr8-gnu-toolchain-win32_x86_64/bin/../lib/gcc/avr/15.1.0/../../../../avr/lib/avr5/crtatmega32.o

.gnu.build.attributes
 *(.gnu.build.attributes .gnu.build.attributes.*)

.note.gnu.build-id
 *(.note.gnu.build-id)

.debug
 *(.debug)

.line
 *(.line)

.debug_srcinfo
 *(.debug_srcinfo)

.debug_sfnames
 *(.debug_sfnames)

.debug_aranges
 *(.debug_aranges)

.debug_pubnames
 *(.debug_pubnames)

.debug_info     0x00000000      0x4e6
 *(.debug_info .gnu.linkonce.wi.*)
 .debug_info    0x00000000      0x4e6 C:/avr_toolchain/avr8-gnu-toolchain-win32_x86_64/bin/../lib/gcc/avr/15.1.0/../../../../avr/lib/avr5/crtatmega32.o

.debug_abbrev   0x00000000      0x4a3
 *(.debug_abbrev)
 .debug_abbrev  0x00000000      0x4a3 C:/avr_toolchain/avr8-gnu-toolchain-win32_x86_64/bin/../lib/gcc/avr/15.1.0/../../../../avr/lib/avr5/crtatmega32.o

.debug_line     0x00000000       0x1d
 *(.debug_line .debug_line.* .debug_line_end)
 .debug_line    0x00000000       0x1d C:/avr_toolchain/avr8-gnu-toolchain-win32_x86_64/bin/../lib/gcc/avr/15.1.0/../../../../avr/lib/avr5/crtatmega32.o

.debug_frame
 *(.debug_frame)

.debug_str      0x00000000      0x196
 *(.debug_str)
 .debug_str     0x00000000      0x196 C:/avr_toolchain/avr8-gnu-toolchain-win32_x86_64/bin/../lib/gcc/avr/15.1.0/../../../../avr/lib/avr5/crtatmega32.o

.debug_loc
 *(.debug_loc)

.debug_macinfo
 *(.debug_macinfo)

.debug_weaknames
 *(.debug_weaknames)

.debug_funcnames
 *(.debug_funcnames)

.debug_typenames
 *(.debug_typenames)

.debug_varnames
 *(.debug_varnames)

.debug_pubtypes
 *(.debug_pubtypes)

.debug_ranges
 *(.debug_ranges)

.debug_addr
 *(.debug_addr)

.debug_line_str
 *(.debug_line_str)

.debug_loclists
 *(.debug_loclists)

.debug_macro
 *(.debug_macro)

.debug_names
 *(.debug_names)

.debug_rnglists
 *(.debug_rnglists)

.debug_str_offsets
 *(.debug_str_offsets)

.debug_sup
 *(.debug_sup)
OUTPUT(C:\LayerdArch2\release\PRO4.elf elf32-avr)
LOAD linker stubs
