Archive member included to satisfy reference by file (symbol)

C:/avr_toolchain/avr8-gnu-toolchain-win32_x86_64/bin/../lib/gcc/avr/15.1.0/avr5\libgcc.a(_udivmodsi4.o)
                              C:\Project_Atmega32\release\MCAL\UART\Uart_Program.c.o (__udivmodsi4)
C:/avr_toolchain/avr8-gnu-toolchain-win32_x86_64/bin/../lib/gcc/avr/15.1.0/avr5\libgcc.a(_exit.o)
                              C:/avr_toolchain/avr8-gnu-toolchain-win32_x86_64/bin/../lib/gcc/avr/15.1.0/../../../../avr/lib/avr5/crtatmega32.o (exit)
C:/avr_toolchain/avr8-gnu-toolchain-win32_x86_64/bin/../lib/gcc/avr/15.1.0/avr5\libgcc.a(_tablejump2.o)
                              C:\Project_Atmega32\release\MCAL\UART\Uart_Program.c.o (__tablejump2__)
C:/avr_toolchain/avr8-gnu-toolchain-win32_x86_64/bin/../lib/gcc/avr/15.1.0/avr5\libgcc.a(_copy_data.o)
                              C:\Project_Atmega32\release\APP\Admin\Admin_Program.c.o (__do_copy_data)
C:/avr_toolchain/avr8-gnu-toolchain-win32_x86_64/bin/../lib/gcc/avr/15.1.0/avr5\libgcc.a(_clear_bss.o)
                              C:\Project_Atmega32\release\APP\Admin\Admin_Program.c.o (__do_clear_bss)
C:/avr_toolchain/avr8-gnu-toolchain-win32_x86_64/bin/../lib/gcc/avr/15.1.0/../../../../avr/lib/avr5\libc.a(sprintf.o)
                              C:\Project_Atmega32\release\HAL\LCD\LCD_program.c.o (sprintf)
C:/avr_toolchain/avr8-gnu-toolchain-win32_x86_64/bin/../lib/gcc/avr/15.1.0/../../../../avr/lib/avr5\libc.a(vfprintf_std.o)
                              C:/avr_toolchain/avr8-gnu-toolchain-win32_x86_64/bin/../lib/gcc/avr/15.1.0/../../../../avr/lib/avr5\libc.a(sprintf.o) (vfprintf)
C:/avr_toolchain/avr8-gnu-toolchain-win32_x86_64/bin/../lib/gcc/avr/15.1.0/../../../../avr/lib/avr5\libc.a(strnlen_P.o)
                              C:/avr_toolchain/avr8-gnu-toolchain-win32_x86_64/bin/../lib/gcc/avr/15.1.0/../../../../avr/lib/avr5\libc.a(vfprintf_std.o) (strnlen_P)
C:/avr_toolchain/avr8-gnu-toolchain-win32_x86_64/bin/../lib/gcc/avr/15.1.0/../../../../avr/lib/avr5\libc.a(strnlen.o)
                              C:/avr_toolchain/avr8-gnu-toolchain-win32_x86_64/bin/../lib/gcc/avr/15.1.0/../../../../avr/lib/avr5\libc.a(vfprintf_std.o) (strnlen)
C:/avr_toolchain/avr8-gnu-toolchain-win32_x86_64/bin/../lib/gcc/avr/15.1.0/../../../../avr/lib/avr5\libc.a(fputc.o)
                              C:/avr_toolchain/avr8-gnu-toolchain-win32_x86_64/bin/../lib/gcc/avr/15.1.0/../../../../avr/lib/avr5\libc.a(vfprintf_std.o) (fputc)
C:/avr_toolchain/avr8-gnu-toolchain-win32_x86_64/bin/../lib/gcc/avr/15.1.0/../../../../avr/lib/avr5\libc.a(ultoa_invert.o)
                              C:/avr_toolchain/avr8-gnu-toolchain-win32_x86_64/bin/../lib/gcc/avr/15.1.0/../../../../avr/lib/avr5\libc.a(vfprintf_std.o) (__ultoa_invert)
C:/avr_toolchain/avr8-gnu-toolchain-win32_x86_64/bin/../lib/gcc/avr/15.1.0/avr5\libgcc.a(_negsi2.o)
                              C:/avr_toolchain/avr8-gnu-toolchain-win32_x86_64/bin/../lib/gcc/avr/15.1.0/../../../../avr/lib/avr5\libc.a(vfprintf_std.o) (__negsi2)
C:/avr_toolchain/avr8-gnu-toolchain-win32_x86_64/bin/../lib/gcc/avr/15.1.0/avr5\libgcc.a(_prologue.o)
                              C:/avr_toolchain/avr8-gnu-toolchain-win32_x86_64/bin/../lib/gcc/avr/15.1.0/../../../../avr/lib/avr5\libc.a(sprintf.o) (__prologue_saves__)
C:/avr_toolchain/avr8-gnu-toolchain-win32_x86_64/bin/../lib/gcc/avr/15.1.0/avr5\libgcc.a(_epilogue.o)
                              C:/avr_toolchain/avr8-gnu-toolchain-win32_x86_64/bin/../lib/gcc/avr/15.1.0/../../../../avr/lib/avr5\libc.a(sprintf.o) (__epilogue_restores__)

Allocating common symbols
Common symbol       size              file

RX_Buffer           0x80              C:\Project_Atmega32\release\MCAL\UART\Uart_Program.c.o

There are no discarded input sections

Memory Configuration

Name             Origin             Length             Attributes
text             0x00000000         0x00008000         xr
data             0x00800060         0x00000800         rw!x
eeprom           0x00810000         0x00000400         rw!x
fuse             0x00820000         0x00000002         rw!x
lock             0x00830000         0x00000400         rw!x
signature        0x00840000         0x00000400         rw!x
user_signatures  0x00850000         0x00000400         rw!x
*default*        0x00000000         0xffffffff

Linker script and memory map

LOAD C:/avr_toolchain/avr8-gnu-toolchain-win32_x86_64/bin/../lib/gcc/avr/15.1.0/../../../../avr/lib/avr5/crtatmega32.o
LOAD C:\Project_Atmega32\release\APP\Admin\Admin_Program.c.o
LOAD C:\Project_Atmega32\release\APP\Entry\Entry_Program.c.o
LOAD C:\Project_Atmega32\release\APP\Error\Error_Program.c.o
LOAD C:\Project_Atmega32\release\APP\Exit\Exit_Program.c.o
LOAD C:\Project_Atmega32\release\APP\Full\Full_Program.c.o
LOAD C:\Project_Atmega32\release\APP\GateController\GateController_Program.c.o
LOAD C:\Project_Atmega32\release\APP\Idle\Idle_Program.c.o
LOAD C:\Project_Atmega32\release\APP\Init\Init_Program.c.o
LOAD C:\Project_Atmega32\release\APP\ParkingManager\ParkingManager_Program.c.o
LOAD C:\Project_Atmega32\release\APP\SpotCounter\SpotCounter_Program.c.o
LOAD C:\Project_Atmega32\release\HAL\DC_MOTOR\DC_MOTOR_Program.c.o
LOAD C:\Project_Atmega32\release\HAL\KEYPAD\KPD_Program.c.o
LOAD C:\Project_Atmega32\release\HAL\LCD\LCD_program.c.o
LOAD C:\Project_Atmega32\release\HAL\LED\LED_Program.c.o
LOAD C:\Project_Atmega32\release\main.c.o
LOAD C:\Project_Atmega32\release\MCAL\DIO\DIO_Program.c.o
LOAD C:\Project_Atmega32\release\MCAL\EXTI\EXTI_Program.c.o
LOAD C:\Project_Atmega32\release\MCAL\GIE\GIE_Programe.c.o
LOAD C:\Project_Atmega32\release\MCAL\UART\Uart_Program.c.o
START GROUP
LOAD C:/avr_toolchain/avr8-gnu-toolchain-win32_x86_64/bin/../lib/gcc/avr/15.1.0/avr5\libgcc.a
LOAD C:/avr_toolchain/avr8-gnu-toolchain-win32_x86_64/bin/../lib/gcc/avr/15.1.0/../../../../avr/lib/avr5\libm.a
LOAD C:/avr_toolchain/avr8-gnu-toolchain-win32_x86_64/bin/../lib/gcc/avr/15.1.0/../../../../avr/lib/avr5\libc.a
LOAD C:/avr_toolchain/avr8-gnu-toolchain-win32_x86_64/bin/../lib/gcc/avr/15.1.0/../../../../avr/lib/avr5\libatmega32.a
END GROUP
                [0x00000000]                      __TEXT_REGION_ORIGIN__ = DEFINED (__TEXT_REGION_ORIGIN__)?__TEXT_REGION_ORIGIN__:0x0
                [0x00008000]                      __TEXT_REGION_LENGTH__ = DEFINED (__TEXT_REGION_LENGTH__)?__TEXT_REGION_LENGTH__:0x20000
                [0x00800060]                      __DATA_REGION_ORIGIN__ = DEFINED (__DATA_REGION_ORIGIN__)?__DATA_REGION_ORIGIN__:0x800060
                [0x00000800]                      __DATA_REGION_LENGTH__ = DEFINED (__DATA_REGION_LENGTH__)?__DATA_REGION_LENGTH__:0xffa0
                [0x00000400]                      __EEPROM_REGION_LENGTH__ = DEFINED (__EEPROM_REGION_LENGTH__)?__EEPROM_REGION_LENGTH__:0x10000
                [0x00000002]                      __FUSE_REGION_LENGTH__ = DEFINED (__FUSE_REGION_LENGTH__)?__FUSE_REGION_LENGTH__:0x400
                0x00000400                        __LOCK_REGION_LENGTH__ = DEFINED (__LOCK_REGION_LENGTH__)?__LOCK_REGION_LENGTH__:0x400
                0x00000400                        __SIGNATURE_REGION_LENGTH__ = DEFINED (__SIGNATURE_REGION_LENGTH__)?__SIGNATURE_REGION_LENGTH__:0x400
                0x00000400                        __USER_SIGNATURE_REGION_LENGTH__ = DEFINED (__USER_SIGNATURE_REGION_LENGTH__)?__USER_SIGNATURE_REGION_LENGTH__:0x400

.hash
 *(.hash)

.dynsym
 *(.dynsym)

.dynstr
 *(.dynstr)

.gnu.version
 *(.gnu.version)

.gnu.version_d
 *(.gnu.version_d)

.gnu.version_r
 *(.gnu.version_r)

.rel.init
 *(.rel.init)

.rela.init
 *(.rela.init)

.rel.text
 *(.rel.text)
 *(.rel.text.*)
 *(.rel.gnu.linkonce.t*)

.rela.text
 *(.rela.text)
 *(.rela.text.*)
 *(.rela.gnu.linkonce.t*)

.rel.fini
 *(.rel.fini)

.rela.fini
 *(.rela.fini)

.rel.rodata
 *(.rel.rodata)
 *(.rel.rodata.*)
 *(.rel.gnu.linkonce.r*)

.rela.rodata
 *(.rela.rodata)
 *(.rela.rodata.*)
 *(.rela.gnu.linkonce.r*)

.rel.data
 *(.rel.data)
 *(.rel.data.*)
 *(.rel.gnu.linkonce.d*)

.rela.data
 *(.rela.data)
 *(.rela.data.*)
 *(.rela.gnu.linkonce.d*)

.rel.ctors
 *(.rel.ctors)

.rela.ctors
 *(.rela.ctors)

.rel.dtors
 *(.rel.dtors)

.rela.dtors
 *(.rela.dtors)

.rel.got
 *(.rel.got)

.rela.got
 *(.rela.got)

.rel.bss
 *(.rel.bss)

.rela.bss
 *(.rela.bss)

.rel.plt
 *(.rel.plt)

.rela.plt
 *(.rela.plt)

.text           0x00000000     0x1c3a
 *(.vectors)
 .vectors       0x00000000       0x54 C:/avr_toolchain/avr8-gnu-toolchain-win32_x86_64/bin/../lib/gcc/avr/15.1.0/../../../../avr/lib/avr5/crtatmega32.o
                0x00000000                __vector_default
                0x00000000                __vectors
 *(.vectors)
 *(.progmem.gcc*)
                0x00000054                        . = ALIGN (0x2)
                0x00000054                        __trampolines_start = .
 *(.trampolines)
 .trampolines   0x00000054        0x0 linker stubs
 *(.trampolines*)
                0x00000054                        __trampolines_end = .
 *libprintf_flt.a:*(.progmem.data)
 *libc.a:*(.progmem.data)
 *(.progmem.*)
                0x00000054                        . = ALIGN (0x2)
 *(.lowtext)
 *(.lowtext*)
                0x00000054                        __ctors_start = .
 *(.ctors)
                0x00000054                        __ctors_end = .
                0x00000054                        __dtors_start = .
 *(.dtors)
                0x00000054                        __dtors_end = .
 SORT_BY_NAME(*)(.ctors)
 SORT_BY_NAME(*)(.dtors)
 *(.init0)
 .init0         0x00000054        0x0 C:/avr_toolchain/avr8-gnu-toolchain-win32_x86_64/bin/../lib/gcc/avr/15.1.0/../../../../avr/lib/avr5/crtatmega32.o
                0x00000054                __init
 *(.init0)
 *(.init1)
 *(.init1)
 *(.init2)
 .init2         0x00000054        0xc C:/avr_toolchain/avr8-gnu-toolchain-win32_x86_64/bin/../lib/gcc/avr/15.1.0/../../../../avr/lib/avr5/crtatmega32.o
 *(.init2)
 *(.init3)
 *(.init3)
 *(.init4)
 .init4         0x00000060       0x16 C:/avr_toolchain/avr8-gnu-toolchain-win32_x86_64/bin/../lib/gcc/avr/15.1.0/avr5\libgcc.a(_copy_data.o)
                0x00000060                __do_copy_data
 .init4         0x00000076       0x10 C:/avr_toolchain/avr8-gnu-toolchain-win32_x86_64/bin/../lib/gcc/avr/15.1.0/avr5\libgcc.a(_clear_bss.o)
                0x00000076                __do_clear_bss
 *(.init4)
 *(.init5)
 *(.init5)
 *(.init6)
 *(.init6)
 *(.init7)
 *(.init7)
 *(.init8)
 *(.init8)
 *(.init9)
 .init9         0x00000086        0x8 C:/avr_toolchain/avr8-gnu-toolchain-win32_x86_64/bin/../lib/gcc/avr/15.1.0/../../../../avr/lib/avr5/crtatmega32.o
 *(.init9)
 *(.text)
 .text          0x0000008e        0x4 C:/avr_toolchain/avr8-gnu-toolchain-win32_x86_64/bin/../lib/gcc/avr/15.1.0/../../../../avr/lib/avr5/crtatmega32.o
                0x0000008e                __vector_12
                0x0000008e                __bad_interrupt
                0x0000008e                __vector_6
                0x0000008e                __vector_11
                0x0000008e                __vector_17
                0x0000008e                __vector_19
                0x0000008e                __vector_7
                0x0000008e                __vector_5
                0x0000008e                __vector_4
                0x0000008e                __vector_9
                0x0000008e                __vector_8
                0x0000008e                __vector_10
                0x0000008e                __vector_16
                0x0000008e                __vector_18
                0x0000008e                __vector_20
 .text          0x00000092      0x136 C:\Project_Atmega32\release\APP\Admin\Admin_Program.c.o
                0x00000092                Admin_Init
                0x00000098                Admin_IsLoggedIn
                0x0000009e                Admin_Logout
                0x000000a4                Admin_Login
                0x000001bc                Admin_Process
 .text          0x000001c8      0x21c C:\Project_Atmega32\release\APP\Entry\Entry_Program.c.o
                0x000001c8                Entry_Init
                0x000001ce                Entry_Process
                0x000003d6                Entry_ISR
                0x000003de                Entry_IsDetected
 .text          0x000003e4       0x12 C:\Project_Atmega32\release\APP\Error\Error_Program.c.o
                0x000003e4                Error_Run
 .text          0x000003f6      0x102 C:\Project_Atmega32\release\APP\Exit\Exit_Program.c.o
                0x000003f6                Exit_ISR
                0x000003fe                Exit_Init
                0x00000404                Exit_Process
                0x000004e6                Exit_IsDetected
 .text          0x000004f8       0x8e C:\Project_Atmega32\release\APP\Full\Full_Program.c.o
                0x000004f8                Full_Init
                0x0000051c                Full_Activate
                0x0000054a                Full_Deactivate
                0x00000578                Full_IsActive
 .text          0x00000586       0x60 C:\Project_Atmega32\release\APP\GateController\GateController_Program.c.o
                0x00000586                GateController_Init
                0x00000594                GateController_OpenEntry
                0x000005a8                GateController_CloseEntry
                0x000005ba                GateController_OpenExit
                0x000005ce                GateController_CloseExit
                0x000005e0                GateController_GetState
 .text          0x000005e6       0x3c C:\Project_Atmega32\release\APP\Idle\Idle_Program.c.o
                0x000005e6                Idle_Init
                0x000005ea                Idle_Run
 .text          0x00000622      0x172 C:\Project_Atmega32\release\APP\Init\Init_Program.c.o
                0x00000622                App_Init
 .text          0x00000794       0x26 C:\Project_Atmega32\release\APP\ParkingManager\ParkingManager_Program.c.o
                0x00000794                ParkingManager_Init
                0x00000798                ParkingManager_Run
 .text          0x000007ba       0x50 C:\Project_Atmega32\release\APP\SpotCounter\SpotCounter_Program.c.o
                0x000007ba                SpotCounter_Init
                0x000007c4                SpotCounter_Increment
                0x000007d8                SpotCounter_Decrement
                0x000007e8                SpotCounter_GetOccupied
                0x000007ee                SpotCounter_GetAvailable
                0x000007fa                SpotCounter_Full
 .text          0x0000080a       0xb0 C:\Project_Atmega32\release\HAL\DC_MOTOR\DC_MOTOR_Program.c.o
                0x0000080a                DCM_Init
                0x00000832                DCM_OpenGate
                0x0000086c                DCM_CloseGate
                0x000008a6                DCM_Stop
 .text          0x000008ba      0x1a4 C:\Project_Atmega32\release\HAL\KEYPAD\KPD_Program.c.o
                0x000008ba                KeyPad_Init
                0x00000934                KeyPad_Getpressedkey
 .text          0x00000a5e      0x342 C:\Project_Atmega32\release\HAL\LCD\LCD_program.c.o
                0x00000a5e                LCD_WriteData
                0x00000afe                LCD_WriteInstruction
                0x00000b9e                LCD_Init
                0x00000cbc                LCD_WriteString
                0x00000d04                LCD_GotoXY
                0x00000d28                LCD_WriteNumber
 .text          0x00000da0       0x2c C:\Project_Atmega32\release\HAL\LED\LED_Program.c.o
                0x00000da0                Led_Init
                0x00000da6                Led_on
                0x00000db6                Led_off
 .text          0x00000dcc        0x0 C:\Project_Atmega32\release\main.c.o
 .text          0x00000dcc      0x202 C:\Project_Atmega32\release\MCAL\DIO\DIO_Program.c.o
                0x00000dcc                DIO_InitPin
                0x00000e48                DIO_InitGroup
                0x00000e68                DIO_WritePin
                0x00000ee4                DIO_WriteGroup
                0x00000f04                DIO_ReadPin
                0x00000f40                DIO_ReadGroup
                0x00000f76                DIO_Toggle
 .text          0x00000fce      0x218 C:\Project_Atmega32\release\MCAL\EXTI\EXTI_Program.c.o
                0x00000fce                EXTI_Init
                0x00001088                EXTI_Enable
                0x000010ae                EXTI_Disable
                0x000010d4                EXTI_CallBack
                0x000010f0                __vector_1
                0x00001142                __vector_2
                0x00001194                __vector_3
 .text          0x000011e6       0x10 C:\Project_Atmega32\release\MCAL\GIE\GIE_Programe.c.o
                0x000011e6                GIE_Enable
                0x000011ee                GIE_Disable
 .text          0x000011f6      0x3e4 C:\Project_Atmega32\release\MCAL\UART\Uart_Program.c.o
                0x000011f6                UART_Init
                0x00001380                UART_SendBytePolling
                0x0000139e                UART_ReceiveBytePolling
                0x000013b4                UART_SendStringPolling
                0x000013de                UART_ReceiveStringPolling
                0x0000142e                UART_SendBufferPolling
                0x00001454                UART_ReceiveByteInterrupt
                0x00001490                UART_EnableRX
                0x00001494                UART_EnableTX
                0x00001498                UART_DisableRX
                0x0000149c                UART_DisableTX
                0x000014a0                UART_SendByteInterrupt
                0x000014a2                UART_EnableRXInterrupt
                0x000014a6                UART_EnableTXInterrupt
                0x000014aa                UART_EnableREInterrupt
                0x000014ae                UART_DisableRXInterrupt
                0x000014b2                UART_DisableTXInterrupt
                0x000014b6                UART_DisableREInterrupt
                0x000014ba                UART_SetRXCallback
                0x000014bc                UART_SetTXCallback
                0x000014ca                UART_SetRECallback
                0x000014d8                __vector_13
                0x00001536                __vector_15
                0x00001588                __vector_14
 .text          0x000015da        0x0 C:/avr_toolchain/avr8-gnu-toolchain-win32_x86_64/bin/../lib/gcc/avr/15.1.0/avr5\libgcc.a(_udivmodsi4.o)
 .text          0x000015da        0x0 C:/avr_toolchain/avr8-gnu-toolchain-win32_x86_64/bin/../lib/gcc/avr/15.1.0/avr5\libgcc.a(_exit.o)
 .text          0x000015da        0x0 C:/avr_toolchain/avr8-gnu-toolchain-win32_x86_64/bin/../lib/gcc/avr/15.1.0/avr5\libgcc.a(_tablejump2.o)
 .text          0x000015da        0x0 C:/avr_toolchain/avr8-gnu-toolchain-win32_x86_64/bin/../lib/gcc/avr/15.1.0/avr5\libgcc.a(_copy_data.o)
 .text          0x000015da        0x0 C:/avr_toolchain/avr8-gnu-toolchain-win32_x86_64/bin/../lib/gcc/avr/15.1.0/avr5\libgcc.a(_clear_bss.o)
 .text          0x000015da        0x0 C:/avr_toolchain/avr8-gnu-toolchain-win32_x86_64/bin/../lib/gcc/avr/15.1.0/../../../../avr/lib/avr5\libc.a(sprintf.o)
 .text          0x000015da        0x0 C:/avr_toolchain/avr8-gnu-toolchain-win32_x86_64/bin/../lib/gcc/avr/15.1.0/../../../../avr/lib/avr5\libc.a(vfprintf_std.o)
 .text          0x000015da        0x0 C:/avr_toolchain/avr8-gnu-toolchain-win32_x86_64/bin/../lib/gcc/avr/15.1.0/../../../../avr/lib/avr5\libc.a(strnlen_P.o)
 .text          0x000015da        0x0 C:/avr_toolchain/avr8-gnu-toolchain-win32_x86_64/bin/../lib/gcc/avr/15.1.0/../../../../avr/lib/avr5\libc.a(strnlen.o)
 .text          0x000015da        0x0 C:/avr_toolchain/avr8-gnu-toolchain-win32_x86_64/bin/../lib/gcc/avr/15.1.0/../../../../avr/lib/avr5\libc.a(fputc.o)
 .text          0x000015da        0x0 C:/avr_toolchain/avr8-gnu-toolchain-win32_x86_64/bin/../lib/gcc/avr/15.1.0/../../../../avr/lib/avr5\libc.a(ultoa_invert.o)
 .text          0x000015da        0x0 C:/avr_toolchain/avr8-gnu-toolchain-win32_x86_64/bin/../lib/gcc/avr/15.1.0/avr5\libgcc.a(_negsi2.o)
 .text          0x000015da        0x0 C:/avr_toolchain/avr8-gnu-toolchain-win32_x86_64/bin/../lib/gcc/avr/15.1.0/avr5\libgcc.a(_prologue.o)
 .text          0x000015da        0x0 C:/avr_toolchain/avr8-gnu-toolchain-win32_x86_64/bin/../lib/gcc/avr/15.1.0/avr5\libgcc.a(_epilogue.o)
                0x000015da                        . = ALIGN (0x2)
 *(.text.*)
 .text.startup  0x000015da        0xe C:\Project_Atmega32\release\main.c.o
                0x000015da                main
 .text.libgcc.mul
                0x000015e8        0x0 C:/avr_toolchain/avr8-gnu-toolchain-win32_x86_64/bin/../lib/gcc/avr/15.1.0/avr5\libgcc.a(_udivmodsi4.o)
 .text.libgcc.div
                0x000015e8       0x44 C:/avr_toolchain/avr8-gnu-toolchain-win32_x86_64/bin/../lib/gcc/avr/15.1.0/avr5\libgcc.a(_udivmodsi4.o)
                0x000015e8                __udivmodsi4
 .text.libgcc   0x0000162c        0x0 C:/avr_toolchain/avr8-gnu-toolchain-win32_x86_64/bin/../lib/gcc/avr/15.1.0/avr5\libgcc.a(_udivmodsi4.o)
 .text.libgcc.prologue
                0x0000162c        0x0 C:/avr_toolchain/avr8-gnu-toolchain-win32_x86_64/bin/../lib/gcc/avr/15.1.0/avr5\libgcc.a(_udivmodsi4.o)
 .text.libgcc.builtins
                0x0000162c        0x0 C:/avr_toolchain/avr8-gnu-toolchain-win32_x86_64/bin/../lib/gcc/avr/15.1.0/avr5\libgcc.a(_udivmodsi4.o)
 .text.libgcc.fmul
                0x0000162c        0x0 C:/avr_toolchain/avr8-gnu-toolchain-win32_x86_64/bin/../lib/gcc/avr/15.1.0/avr5\libgcc.a(_udivmodsi4.o)
 .text.libgcc.fixed
                0x0000162c        0x0 C:/avr_toolchain/avr8-gnu-toolchain-win32_x86_64/bin/../lib/gcc/avr/15.1.0/avr5\libgcc.a(_udivmodsi4.o)
 .text.libgcc.mul
                0x0000162c        0x0 C:/avr_toolchain/avr8-gnu-toolchain-win32_x86_64/bin/../lib/gcc/avr/15.1.0/avr5\libgcc.a(_exit.o)
 .text.libgcc.div
                0x0000162c        0x0 C:/avr_toolchain/avr8-gnu-toolchain-win32_x86_64/bin/../lib/gcc/avr/15.1.0/avr5\libgcc.a(_exit.o)
 .text.libgcc   0x0000162c        0x0 C:/avr_toolchain/avr8-gnu-toolchain-win32_x86_64/bin/../lib/gcc/avr/15.1.0/avr5\libgcc.a(_exit.o)
 .text.libgcc.prologue
                0x0000162c        0x0 C:/avr_toolchain/avr8-gnu-toolchain-win32_x86_64/bin/../lib/gcc/avr/15.1.0/avr5\libgcc.a(_exit.o)
 .text.libgcc.builtins
                0x0000162c        0x0 C:/avr_toolchain/avr8-gnu-toolchain-win32_x86_64/bin/../lib/gcc/avr/15.1.0/avr5\libgcc.a(_exit.o)
 .text.libgcc.fmul
                0x0000162c        0x0 C:/avr_toolchain/avr8-gnu-toolchain-win32_x86_64/bin/../lib/gcc/avr/15.1.0/avr5\libgcc.a(_exit.o)
 .text.libgcc.fixed
                0x0000162c        0x0 C:/avr_toolchain/avr8-gnu-toolchain-win32_x86_64/bin/../lib/gcc/avr/15.1.0/avr5\libgcc.a(_exit.o)
 .text.libgcc.mul
                0x0000162c        0x0 C:/avr_toolchain/avr8-gnu-toolchain-win32_x86_64/bin/../lib/gcc/avr/15.1.0/avr5\libgcc.a(_tablejump2.o)
 .text.libgcc.div
                0x0000162c        0x0 C:/avr_toolchain/avr8-gnu-toolchain-win32_x86_64/bin/../lib/gcc/avr/15.1.0/avr5\libgcc.a(_tablejump2.o)
 .text.libgcc   0x0000162c        0xc C:/avr_toolchain/avr8-gnu-toolchain-win32_x86_64/bin/../lib/gcc/avr/15.1.0/avr5\libgcc.a(_tablejump2.o)
                0x0000162c                __tablejump2__
 .text.libgcc.prologue
                0x00001638        0x0 C:/avr_toolchain/avr8-gnu-toolchain-win32_x86_64/bin/../lib/gcc/avr/15.1.0/avr5\libgcc.a(_tablejump2.o)
 .text.libgcc.builtins
                0x00001638        0x0 C:/avr_toolchain/avr8-gnu-toolchain-win32_x86_64/bin/../lib/gcc/avr/15.1.0/avr5\libgcc.a(_tablejump2.o)
 .text.libgcc.fmul
                0x00001638        0x0 C:/avr_toolchain/avr8-gnu-toolchain-win32_x86_64/bin/../lib/gcc/avr/15.1.0/avr5\libgcc.a(_tablejump2.o)
 .text.libgcc.fixed
                0x00001638        0x0 C:/avr_toolchain/avr8-gnu-toolchain-win32_x86_64/bin/../lib/gcc/avr/15.1.0/avr5\libgcc.a(_tablejump2.o)
 .text.libgcc.mul
                0x00001638        0x0 C:/avr_toolchain/avr8-gnu-toolchain-win32_x86_64/bin/../lib/gcc/avr/15.1.0/avr5\libgcc.a(_copy_data.o)
 .text.libgcc.div
                0x00001638        0x0 C:/avr_toolchain/avr8-gnu-toolchain-win32_x86_64/bin/../lib/gcc/avr/15.1.0/avr5\libgcc.a(_copy_data.o)
 .text.libgcc   0x00001638        0x0 C:/avr_toolchain/avr8-gnu-toolchain-win32_x86_64/bin/../lib/gcc/avr/15.1.0/avr5\libgcc.a(_copy_data.o)
 .text.libgcc.prologue
                0x00001638        0x0 C:/avr_toolchain/avr8-gnu-toolchain-win32_x86_64/bin/../lib/gcc/avr/15.1.0/avr5\libgcc.a(_copy_data.o)
 .text.libgcc.builtins
                0x00001638        0x0 C:/avr_toolchain/avr8-gnu-toolchain-win32_x86_64/bin/../lib/gcc/avr/15.1.0/avr5\libgcc.a(_copy_data.o)
 .text.libgcc.fmul
                0x00001638        0x0 C:/avr_toolchain/avr8-gnu-toolchain-win32_x86_64/bin/../lib/gcc/avr/15.1.0/avr5\libgcc.a(_copy_data.o)
 .text.libgcc.fixed
                0x00001638        0x0 C:/avr_toolchain/avr8-gnu-toolchain-win32_x86_64/bin/../lib/gcc/avr/15.1.0/avr5\libgcc.a(_copy_data.o)
 .text.libgcc.mul
                0x00001638        0x0 C:/avr_toolchain/avr8-gnu-toolchain-win32_x86_64/bin/../lib/gcc/avr/15.1.0/avr5\libgcc.a(_clear_bss.o)
 .text.libgcc.div
                0x00001638        0x0 C:/avr_toolchain/avr8-gnu-toolchain-win32_x86_64/bin/../lib/gcc/avr/15.1.0/avr5\libgcc.a(_clear_bss.o)
 .text.libgcc   0x00001638        0x0 C:/avr_toolchain/avr8-gnu-toolchain-win32_x86_64/bin/../lib/gcc/avr/15.1.0/avr5\libgcc.a(_clear_bss.o)
 .text.libgcc.prologue
                0x00001638        0x0 C:/avr_toolchain/avr8-gnu-toolchain-win32_x86_64/bin/../lib/gcc/avr/15.1.0/avr5\libgcc.a(_clear_bss.o)
 .text.libgcc.builtins
                0x00001638        0x0 C:/avr_toolchain/avr8-gnu-toolchain-win32_x86_64/bin/../lib/gcc/avr/15.1.0/avr5\libgcc.a(_clear_bss.o)
 .text.libgcc.fmul
                0x00001638        0x0 C:/avr_toolchain/avr8-gnu-toolchain-win32_x86_64/bin/../lib/gcc/avr/15.1.0/avr5\libgcc.a(_clear_bss.o)
 .text.libgcc.fixed
                0x00001638        0x0 C:/avr_toolchain/avr8-gnu-toolchain-win32_x86_64/bin/../lib/gcc/avr/15.1.0/avr5\libgcc.a(_clear_bss.o)
 .text.avr-libc
                0x00001638       0x48 C:/avr_toolchain/avr8-gnu-toolchain-win32_x86_64/bin/../lib/gcc/avr/15.1.0/../../../../avr/lib/avr5\libc.a(sprintf.o)
                0x00001638                sprintf
 .text.avr-libc
                0x00001680      0x3e2 C:/avr_toolchain/avr8-gnu-toolchain-win32_x86_64/bin/../lib/gcc/avr/15.1.0/../../../../avr/lib/avr5\libc.a(vfprintf_std.o)
                0x00001680                vfprintf
 .text.avr-libc
                0x00001a62       0x16 C:/avr_toolchain/avr8-gnu-toolchain-win32_x86_64/bin/../lib/gcc/avr/15.1.0/../../../../avr/lib/avr5\libc.a(strnlen_P.o)
                0x00001a62                strnlen_P
 .text.avr-libc
                0x00001a78       0x16 C:/avr_toolchain/avr8-gnu-toolchain-win32_x86_64/bin/../lib/gcc/avr/15.1.0/../../../../avr/lib/avr5\libc.a(strnlen.o)
                0x00001a78                strnlen
 .text.avr-libc
                0x00001a8e       0x60 C:/avr_toolchain/avr8-gnu-toolchain-win32_x86_64/bin/../lib/gcc/avr/15.1.0/../../../../avr/lib/avr5\libc.a(fputc.o)
                0x00001a8e                fputc
 .text.avr-libc
                0x00001aee       0xbc C:/avr_toolchain/avr8-gnu-toolchain-win32_x86_64/bin/../lib/gcc/avr/15.1.0/../../../../avr/lib/avr5\libc.a(ultoa_invert.o)
                0x00001aee                __ultoa_invert
 .text.libgcc.mul
                0x00001baa        0x0 C:/avr_toolchain/avr8-gnu-toolchain-win32_x86_64/bin/../lib/gcc/avr/15.1.0/avr5\libgcc.a(_negsi2.o)
 .text.libgcc.div
                0x00001baa       0x10 C:/avr_toolchain/avr8-gnu-toolchain-win32_x86_64/bin/../lib/gcc/avr/15.1.0/avr5\libgcc.a(_negsi2.o)
                0x00001baa                __negsi2
 .text.libgcc   0x00001bba        0x0 C:/avr_toolchain/avr8-gnu-toolchain-win32_x86_64/bin/../lib/gcc/avr/15.1.0/avr5\libgcc.a(_negsi2.o)
 .text.libgcc.prologue
                0x00001bba        0x0 C:/avr_toolchain/avr8-gnu-toolchain-win32_x86_64/bin/../lib/gcc/avr/15.1.0/avr5\libgcc.a(_negsi2.o)
 .text.libgcc.builtins
                0x00001bba        0x0 C:/avr_toolchain/avr8-gnu-toolchain-win32_x86_64/bin/../lib/gcc/avr/15.1.0/avr5\libgcc.a(_negsi2.o)
 .text.libgcc.fmul
                0x00001bba        0x0 C:/avr_toolchain/avr8-gnu-toolchain-win32_x86_64/bin/../lib/gcc/avr/15.1.0/avr5\libgcc.a(_negsi2.o)
 .text.libgcc.fixed
                0x00001bba        0x0 C:/avr_toolchain/avr8-gnu-toolchain-win32_x86_64/bin/../lib/gcc/avr/15.1.0/avr5\libgcc.a(_negsi2.o)
 .text.libgcc.mul
                0x00001bba        0x0 C:/avr_toolchain/avr8-gnu-toolchain-win32_x86_64/bin/../lib/gcc/avr/15.1.0/avr5\libgcc.a(_prologue.o)
 .text.libgcc.div
                0x00001bba        0x0 C:/avr_toolchain/avr8-gnu-toolchain-win32_x86_64/bin/../lib/gcc/avr/15.1.0/avr5\libgcc.a(_prologue.o)
 .text.libgcc   0x00001bba        0x0 C:/avr_toolchain/avr8-gnu-toolchain-win32_x86_64/bin/../lib/gcc/avr/15.1.0/avr5\libgcc.a(_prologue.o)
 .text.libgcc.prologue
                0x00001bba       0x38 C:/avr_toolchain/avr8-gnu-toolchain-win32_x86_64/bin/../lib/gcc/avr/15.1.0/avr5\libgcc.a(_prologue.o)
                0x00001bba                __prologue_saves__
 .text.libgcc.builtins
                0x00001bf2        0x0 C:/avr_toolchain/avr8-gnu-toolchain-win32_x86_64/bin/../lib/gcc/avr/15.1.0/avr5\libgcc.a(_prologue.o)
 .text.libgcc.fmul
                0x00001bf2        0x0 C:/avr_toolchain/avr8-gnu-toolchain-win32_x86_64/bin/../lib/gcc/avr/15.1.0/avr5\libgcc.a(_prologue.o)
 .text.libgcc.fixed
                0x00001bf2        0x0 C:/avr_toolchain/avr8-gnu-toolchain-win32_x86_64/bin/../lib/gcc/avr/15.1.0/avr5\libgcc.a(_prologue.o)
 .text.libgcc.mul
                0x00001bf2        0x0 C:/avr_toolchain/avr8-gnu-toolchain-win32_x86_64/bin/../lib/gcc/avr/15.1.0/avr5\libgcc.a(_epilogue.o)
 .text.libgcc.div
                0x00001bf2        0x0 C:/avr_toolchain/avr8-gnu-toolchain-win32_x86_64/bin/../lib/gcc/avr/15.1.0/avr5\libgcc.a(_epilogue.o)
 .text.libgcc   0x00001bf2        0x0 C:/avr_toolchain/avr8-gnu-toolchain-win32_x86_64/bin/../lib/gcc/avr/15.1.0/avr5\libgcc.a(_epilogue.o)
 .text.libgcc.prologue
                0x00001bf2       0x36 C:/avr_toolchain/avr8-gnu-toolchain-win32_x86_64/bin/../lib/gcc/avr/15.1.0/avr5\libgcc.a(_epilogue.o)
                0x00001bf2                __epilogue_restores__
 .text.libgcc.builtins
                0x00001c28        0x0 C:/avr_toolchain/avr8-gnu-toolchain-win32_x86_64/bin/../lib/gcc/avr/15.1.0/avr5\libgcc.a(_epilogue.o)
 .text.libgcc.fmul
                0x00001c28        0x0 C:/avr_toolchain/avr8-gnu-toolchain-win32_x86_64/bin/../lib/gcc/avr/15.1.0/avr5\libgcc.a(_epilogue.o)
 .text.libgcc.fixed
                0x00001c28        0x0 C:/avr_toolchain/avr8-gnu-toolchain-win32_x86_64/bin/../lib/gcc/avr/15.1.0/avr5\libgcc.a(_epilogue.o)
                0x00001c28                        . = ALIGN (0x2)
 *(.fini9)
 .fini9         0x00001c28        0x0 C:/avr_toolchain/avr8-gnu-toolchain-win32_x86_64/bin/../lib/gcc/avr/15.1.0/avr5\libgcc.a(_exit.o)
                0x00001c28                _exit
                0x00001c28                exit
 *(.fini9)
 *(.fini8)
 *(.fini8)
 *(.fini7)
 *(.fini7)
 *(.fini6)
 *(.fini6)
 *(.fini5)
 *(.fini5)
 *(.fini4)
 *(.fini4)
 *(.fini3)
 *(.fini3)
 *(.fini2)
 *(.fini2)
 *(.fini1)
 *(.fini1)
 *(.fini0)
 .fini0         0x00001c28        0x4 C:/avr_toolchain/avr8-gnu-toolchain-win32_x86_64/bin/../lib/gcc/avr/15.1.0/avr5\libgcc.a(_exit.o)
 *(.fini0)
 *(.hightext)
 *(.hightext*)
 *(.progmemx.*)
                0x00001c2c                        . = ALIGN (0x2)
 *(.jumptables)
 *(.jumptables*)
 .jumptables.gcc.UART_Init
                0x00001c2c        0xe C:\Project_Atmega32\release\MCAL\UART\Uart_Program.c.o
                0x00001c3a                        _etext = .

.data           0x00800060      0x1f0 load address 0x00001c3a
                0x00800060                        PROVIDE (__data_start = .)
 *(.data)
 .data          0x00800060        0x0 C:/avr_toolchain/avr8-gnu-toolchain-win32_x86_64/bin/../lib/gcc/avr/15.1.0/../../../../avr/lib/avr5/crtatmega32.o
 .data          0x00800060        0x0 C:\Project_Atmega32\release\APP\Admin\Admin_Program.c.o
 .data          0x00800060        0x0 C:\Project_Atmega32\release\APP\Entry\Entry_Program.c.o
 .data          0x00800060        0x0 C:\Project_Atmega32\release\APP\Error\Error_Program.c.o
 .data          0x00800060        0x0 C:\Project_Atmega32\release\APP\Exit\Exit_Program.c.o
 .data          0x00800060        0x0 C:\Project_Atmega32\release\APP\Full\Full_Program.c.o
 .data          0x00800060        0x0 C:\Project_Atmega32\release\APP\GateController\GateController_Program.c.o
 .data          0x00800060        0x1 C:\Project_Atmega32\release\APP\Idle\Idle_Program.c.o
 .data          0x00800061        0x0 C:\Project_Atmega32\release\APP\Init\Init_Program.c.o
 .data          0x00800061        0x0 C:\Project_Atmega32\release\APP\ParkingManager\ParkingManager_Program.c.o
 .data          0x00800061        0x0 C:\Project_Atmega32\release\APP\SpotCounter\SpotCounter_Program.c.o
 .data          0x00800061        0x0 C:\Project_Atmega32\release\HAL\DC_MOTOR\DC_MOTOR_Program.c.o
 .data          0x00800061        0x0 C:\Project_Atmega32\release\HAL\KEYPAD\KPD_Program.c.o
 .data          0x00800061        0x0 C:\Project_Atmega32\release\HAL\LCD\LCD_program.c.o
 .data          0x00800061        0x0 C:\Project_Atmega32\release\HAL\LED\LED_Program.c.o
 .data          0x00800061        0x0 C:\Project_Atmega32\release\main.c.o
 .data          0x00800061        0x0 C:\Project_Atmega32\release\MCAL\DIO\DIO_Program.c.o
 .data          0x00800061        0x0 C:\Project_Atmega32\release\MCAL\EXTI\EXTI_Program.c.o
 .data          0x00800061        0x0 C:\Project_Atmega32\release\MCAL\GIE\GIE_Programe.c.o
 .data          0x00800061        0x0 C:\Project_Atmega32\release\MCAL\UART\Uart_Program.c.o
 .data          0x00800061        0x0 C:/avr_toolchain/avr8-gnu-toolchain-win32_x86_64/bin/../lib/gcc/avr/15.1.0/avr5\libgcc.a(_udivmodsi4.o)
 .data          0x00800061        0x0 C:/avr_toolchain/avr8-gnu-toolchain-win32_x86_64/bin/../lib/gcc/avr/15.1.0/avr5\libgcc.a(_exit.o)
 .data          0x00800061        0x0 C:/avr_toolchain/avr8-gnu-toolchain-win32_x86_64/bin/../lib/gcc/avr/15.1.0/avr5\libgcc.a(_tablejump2.o)
 .data          0x00800061        0x0 C:/avr_toolchain/avr8-gnu-toolchain-win32_x86_64/bin/../lib/gcc/avr/15.1.0/avr5\libgcc.a(_copy_data.o)
 .data          0x00800061        0x0 C:/avr_toolchain/avr8-gnu-toolchain-win32_x86_64/bin/../lib/gcc/avr/15.1.0/avr5\libgcc.a(_clear_bss.o)
 .data          0x00800061        0x0 C:/avr_toolchain/avr8-gnu-toolchain-win32_x86_64/bin/../lib/gcc/avr/15.1.0/../../../../avr/lib/avr5\libc.a(sprintf.o)
 .data          0x00800061        0x0 C:/avr_toolchain/avr8-gnu-toolchain-win32_x86_64/bin/../lib/gcc/avr/15.1.0/../../../../avr/lib/avr5\libc.a(vfprintf_std.o)
 .data          0x00800061        0x0 C:/avr_toolchain/avr8-gnu-toolchain-win32_x86_64/bin/../lib/gcc/avr/15.1.0/../../../../avr/lib/avr5\libc.a(strnlen_P.o)
 .data          0x00800061        0x0 C:/avr_toolchain/avr8-gnu-toolchain-win32_x86_64/bin/../lib/gcc/avr/15.1.0/../../../../avr/lib/avr5\libc.a(strnlen.o)
 .data          0x00800061        0x0 C:/avr_toolchain/avr8-gnu-toolchain-win32_x86_64/bin/../lib/gcc/avr/15.1.0/../../../../avr/lib/avr5\libc.a(fputc.o)
 .data          0x00800061        0x0 C:/avr_toolchain/avr8-gnu-toolchain-win32_x86_64/bin/../lib/gcc/avr/15.1.0/../../../../avr/lib/avr5\libc.a(ultoa_invert.o)
 .data          0x00800061        0x0 C:/avr_toolchain/avr8-gnu-toolchain-win32_x86_64/bin/../lib/gcc/avr/15.1.0/avr5\libgcc.a(_negsi2.o)
 .data          0x00800061        0x0 C:/avr_toolchain/avr8-gnu-toolchain-win32_x86_64/bin/../lib/gcc/avr/15.1.0/avr5\libgcc.a(_prologue.o)
 .data          0x00800061        0x0 C:/avr_toolchain/avr8-gnu-toolchain-win32_x86_64/bin/../lib/gcc/avr/15.1.0/avr5\libgcc.a(_epilogue.o)
 *(.data*)
 *(.gnu.linkonce.d*)
 *(.rodata)
 .rodata        0x00800061        0xb C:\Project_Atmega32\release\APP\Init\Init_Program.c.o
 .rodata        0x0080006c       0x20 C:\Project_Atmega32\release\HAL\KEYPAD\KPD_Program.c.o
 *(.rodata*)
 .rodata.str1.1
                0x0080008c      0x1c3 C:\Project_Atmega32\release\APP\Admin\Admin_Program.c.o
                                 0x38 (size before relaxing)
 .rodata.str1.1
                0x0080024f       0x83 C:\Project_Atmega32\release\APP\Entry\Entry_Program.c.o
 .rodata.str1.1
                0x0080024f        0xd C:\Project_Atmega32\release\APP\Error\Error_Program.c.o
 .rodata.str1.1
                0x0080024f       0x52 C:\Project_Atmega32\release\APP\Exit\Exit_Program.c.o
 .rodata.str1.1
                0x0080024f       0x40 C:\Project_Atmega32\release\APP\Full\Full_Program.c.o
 .rodata.str1.1
                0x0080024f       0x4a C:\Project_Atmega32\release\APP\GateController\GateController_Program.c.o
 .rodata.str1.1
                0x0080024f        0xc C:\Project_Atmega32\release\APP\Idle\Idle_Program.c.o
 .rodata.str1.1
                0x0080024f       0x2a C:\Project_Atmega32\release\APP\Init\Init_Program.c.o
 .rodata.str1.1
                0x0080024f        0x4 C:\Project_Atmega32\release\HAL\LCD\LCD_program.c.o
 *(.gnu.linkonce.r*)
                0x008002d2                        . = ALIGN (0x2)
 *fill*         0x0080024f        0x1 
                0x00800250                        _edata = .
                0x00800250                        PROVIDE (__data_end = .)

.bss            0x00800250       0x9d
                0x00800250                        PROVIDE (__bss_start = .)
 *(.bss)
 .bss           0x00800250        0x0 C:/avr_toolchain/avr8-gnu-toolchain-win32_x86_64/bin/../lib/gcc/avr/15.1.0/../../../../avr/lib/avr5/crtatmega32.o
 .bss           0x00800250        0x1 C:\Project_Atmega32\release\APP\Admin\Admin_Program.c.o
 .bss           0x00800251        0x1 C:\Project_Atmega32\release\APP\Entry\Entry_Program.c.o
                0x00800251                EntryFlag
 .bss           0x00800252        0x0 C:\Project_Atmega32\release\APP\Error\Error_Program.c.o
 .bss           0x00800252        0x1 C:\Project_Atmega32\release\APP\Exit\Exit_Program.c.o
                0x00800252                ExitFlag
 .bss           0x00800253        0x0 C:\Project_Atmega32\release\APP\Full\Full_Program.c.o
 .bss           0x00800253        0x1 C:\Project_Atmega32\release\APP\GateController\GateController_Program.c.o
 .bss           0x00800254        0x0 C:\Project_Atmega32\release\APP\Idle\Idle_Program.c.o
 .bss           0x00800254        0x0 C:\Project_Atmega32\release\APP\Init\Init_Program.c.o
 .bss           0x00800254        0x0 C:\Project_Atmega32\release\APP\ParkingManager\ParkingManager_Program.c.o
 .bss           0x00800254        0x2 C:\Project_Atmega32\release\APP\SpotCounter\SpotCounter_Program.c.o
 .bss           0x00800256        0x0 C:\Project_Atmega32\release\HAL\DC_MOTOR\DC_MOTOR_Program.c.o
 .bss           0x00800256        0x0 C:\Project_Atmega32\release\HAL\KEYPAD\KPD_Program.c.o
 .bss           0x00800256        0x0 C:\Project_Atmega32\release\HAL\LCD\LCD_program.c.o
 .bss           0x00800256        0x0 C:\Project_Atmega32\release\HAL\LED\LED_Program.c.o
 .bss           0x00800256        0x0 C:\Project_Atmega32\release\main.c.o
 .bss           0x00800256        0x0 C:\Project_Atmega32\release\MCAL\DIO\DIO_Program.c.o
 .bss           0x00800256        0x6 C:\Project_Atmega32\release\MCAL\EXTI\EXTI_Program.c.o
 .bss           0x0080025c        0x0 C:\Project_Atmega32\release\MCAL\GIE\GIE_Programe.c.o
 .bss           0x0080025c       0x11 C:\Project_Atmega32\release\MCAL\UART\Uart_Program.c.o
                0x0080025c                RX_rear
                0x0080025d                RX_front
 .bss           0x0080026d        0x0 C:/avr_toolchain/avr8-gnu-toolchain-win32_x86_64/bin/../lib/gcc/avr/15.1.0/avr5\libgcc.a(_udivmodsi4.o)
 .bss           0x0080026d        0x0 C:/avr_toolchain/avr8-gnu-toolchain-win32_x86_64/bin/../lib/gcc/avr/15.1.0/avr5\libgcc.a(_exit.o)
 .bss           0x0080026d        0x0 C:/avr_toolchain/avr8-gnu-toolchain-win32_x86_64/bin/../lib/gcc/avr/15.1.0/avr5\libgcc.a(_tablejump2.o)
 .bss           0x0080026d        0x0 C:/avr_toolchain/avr8-gnu-toolchain-win32_x86_64/bin/../lib/gcc/avr/15.1.0/avr5\libgcc.a(_copy_data.o)
 .bss           0x0080026d        0x0 C:/avr_toolchain/avr8-gnu-toolchain-win32_x86_64/bin/../lib/gcc/avr/15.1.0/avr5\libgcc.a(_clear_bss.o)
 .bss           0x0080026d        0x0 C:/avr_toolchain/avr8-gnu-toolchain-win32_x86_64/bin/../lib/gcc/avr/15.1.0/../../../../avr/lib/avr5\libc.a(sprintf.o)
 .bss           0x0080026d        0x0 C:/avr_toolchain/avr8-gnu-toolchain-win32_x86_64/bin/../lib/gcc/avr/15.1.0/../../../../avr/lib/avr5\libc.a(vfprintf_std.o)
 .bss           0x0080026d        0x0 C:/avr_toolchain/avr8-gnu-toolchain-win32_x86_64/bin/../lib/gcc/avr/15.1.0/../../../../avr/lib/avr5\libc.a(strnlen_P.o)
 .bss           0x0080026d        0x0 C:/avr_toolchain/avr8-gnu-toolchain-win32_x86_64/bin/../lib/gcc/avr/15.1.0/../../../../avr/lib/avr5\libc.a(strnlen.o)
 .bss           0x0080026d        0x0 C:/avr_toolchain/avr8-gnu-toolchain-win32_x86_64/bin/../lib/gcc/avr/15.1.0/../../../../avr/lib/avr5\libc.a(fputc.o)
 .bss           0x0080026d        0x0 C:/avr_toolchain/avr8-gnu-toolchain-win32_x86_64/bin/../lib/gcc/avr/15.1.0/../../../../avr/lib/avr5\libc.a(ultoa_invert.o)
 .bss           0x0080026d        0x0 C:/avr_toolchain/avr8-gnu-toolchain-win32_x86_64/bin/../lib/gcc/avr/15.1.0/avr5\libgcc.a(_negsi2.o)
 .bss           0x0080026d        0x0 C:/avr_toolchain/avr8-gnu-toolchain-win32_x86_64/bin/../lib/gcc/avr/15.1.0/avr5\libgcc.a(_prologue.o)
 .bss           0x0080026d        0x0 C:/avr_toolchain/avr8-gnu-toolchain-win32_x86_64/bin/../lib/gcc/avr/15.1.0/avr5\libgcc.a(_epilogue.o)
 *(.bss*)
 *(COMMON)
 COMMON         0x0080026d       0x80 C:\Project_Atmega32\release\MCAL\UART\Uart_Program.c.o
                0x0080026d                RX_Buffer
                0x008002ed                        PROVIDE (__bss_end = .)
                0x00001c3a                        __data_load_start = LOADADDR (.data)
                0x00001e2a                        __data_load_end = (__data_load_start + SIZEOF (.data))

.noinit         0x008002ed        0x0
                [!provide]                        PROVIDE (__noinit_start = .)
 *(.noinit .noinit.* .gnu.linkonce.n.*)
                [!provide]                        PROVIDE (__noinit_end = .)
                0x008002ed                        _end = .
                [!provide]                        PROVIDE (__heap_start = .)
                0x00000000                        __flmap_init_label = DEFINED (__flmap_noinit_start)?__flmap_noinit_start:0x0
                0x00000000                        __flmap = DEFINED (__flmap)?__flmap:0x0

.eeprom         0x00810000        0x0
 *(.eeprom*)
                0x00810000                        __eeprom_end = .

.fuse
 *(.fuse)
 *(.lfuse)
 *(.hfuse)
 *(.efuse)

.lock
 *(.lock*)

.signature
 *(.signature*)

.stab
 *(.stab)

.stabstr
 *(.stabstr)

.stab.excl
 *(.stab.excl)

.stab.exclstr
 *(.stab.exclstr)

.stab.index
 *(.stab.index)

.stab.indexstr
 *(.stab.indexstr)

.comment        0x00000000       0x5c
 *(.comment)
 .comment       0x00000000       0x5c C:\Project_Atmega32\release\APP\Admin\Admin_Program.c.o
                                 0x30 (size before relaxing)
 .comment       0x0000005c       0x30 C:\Project_Atmega32\release\APP\Entry\Entry_Program.c.o
 .comment       0x0000005c       0x30 C:\Project_Atmega32\release\APP\Error\Error_Program.c.o
 .comment       0x0000005c       0x30 C:\Project_Atmega32\release\APP\Exit\Exit_Program.c.o
 .comment       0x0000005c       0x30 C:\Project_Atmega32\release\APP\Full\Full_Program.c.o
 .comment       0x0000005c       0x30 C:\Project_Atmega32\release\APP\GateController\GateController_Program.c.o
 .comment       0x0000005c       0x30 C:\Project_Atmega32\release\APP\Idle\Idle_Program.c.o
 .comment       0x0000005c       0x30 C:\Project_Atmega32\release\APP\Init\Init_Program.c.o
 .comment       0x0000005c       0x30 C:\Project_Atmega32\release\APP\ParkingManager\ParkingManager_Program.c.o
 .comment       0x0000005c       0x30 C:\Project_Atmega32\release\APP\SpotCounter\SpotCounter_Program.c.o
 .comment       0x0000005c       0x30 C:\Project_Atmega32\release\HAL\DC_MOTOR\DC_MOTOR_Program.c.o
 .comment       0x0000005c       0x30 C:\Project_Atmega32\release\HAL\KEYPAD\KPD_Program.c.o
 .comment       0x0000005c       0x30 C:\Project_Atmega32\release\HAL\LCD\LCD_program.c.o
 .comment       0x0000005c       0x30 C:\Project_Atmega32\release\HAL\LED\LED_Program.c.o
 .comment       0x0000005c       0x30 C:\Project_Atmega32\release\main.c.o
 .comment       0x0000005c       0x30 C:\Project_Atmega32\release\MCAL\DIO\DIO_Program.c.o
 .comment       0x0000005c       0x30 C:\Project_Atmega32\release\MCAL\EXTI\EXTI_Program.c.o
 .comment       0x0000005c       0x30 C:\Project_Atmega32\release\MCAL\GIE\GIE_Programe.c.o
 .comment       0x0000005c       0x30 C:\Project_Atmega32\release\MCAL\UART\Uart_Program.c.o
 .comment       0x0000005c       0x30 C:/avr_toolchain/avr8-gnu-toolchain-win32_x86_64/bin/../lib/gcc/avr/15.1.0/../../../../avr/lib/avr5\libc.a(sprintf.o)
 .comment       0x0000005c       0x2e C:/avr_toolchain/avr8-gnu-toolchain-win32_x86_64/bin/../lib/gcc/avr/15.1.0/../../../../avr/lib/avr5\libc.a(vfprintf_std.o)
 .comment       0x0000005c       0x30 C:/avr_toolchain/avr8-gnu-toolchain-win32_x86_64/bin/../lib/gcc/avr/15.1.0/../../../../avr/lib/avr5\libc.a(fputc.o)

.note.gnu.avr.deviceinfo
                0x00000000       0x3c
 .note.gnu.avr.deviceinfo
                0x00000000       0x3c C:/avr_toolchain/avr8-gnu-toolchain-win32_x86_64/bin/../lib/gcc/avr/15.1.0/../../../../avr/lib/avr5/crtatmega32.o

.gnu.build.attributes
 *(.gnu.build.attributes .gnu.build.attributes.*)

.note.gnu.build-id
 *(.note.gnu.build-id)

.debug
 *(.debug)

.line
 *(.line)

.debug_srcinfo
 *(.debug_srcinfo)

.debug_sfnames
 *(.debug_sfnames)

.debug_aranges
 *(.debug_aranges)

.debug_pubnames
 *(.debug_pubnames)

.debug_info     0x00000000      0x4e6
 *(.debug_info .gnu.linkonce.wi.*)
 .debug_info    0x00000000      0x4e6 C:/avr_toolchain/avr8-gnu-toolchain-win32_x86_64/bin/../lib/gcc/avr/15.1.0/../../../../avr/lib/avr5/crtatmega32.o

.debug_abbrev   0x00000000      0x4a3
 *(.debug_abbrev)
 .debug_abbrev  0x00000000      0x4a3 C:/avr_toolchain/avr8-gnu-toolchain-win32_x86_64/bin/../lib/gcc/avr/15.1.0/../../../../avr/lib/avr5/crtatmega32.o

.debug_line     0x00000000       0x1d
 *(.debug_line .debug_line.* .debug_line_end)
 .debug_line    0x00000000       0x1d C:/avr_toolchain/avr8-gnu-toolchain-win32_x86_64/bin/../lib/gcc/avr/15.1.0/../../../../avr/lib/avr5/crtatmega32.o

.debug_frame
 *(.debug_frame)

.debug_str      0x00000000      0x196
 *(.debug_str)
 .debug_str     0x00000000      0x196 C:/avr_toolchain/avr8-gnu-toolchain-win32_x86_64/bin/../lib/gcc/avr/15.1.0/../../../../avr/lib/avr5/crtatmega32.o

.debug_loc
 *(.debug_loc)

.debug_macinfo
 *(.debug_macinfo)

.debug_weaknames
 *(.debug_weaknames)

.debug_funcnames
 *(.debug_funcnames)

.debug_typenames
 *(.debug_typenames)

.debug_varnames
 *(.debug_varnames)

.debug_pubtypes
 *(.debug_pubtypes)

.debug_ranges
 *(.debug_ranges)

.debug_addr
 *(.debug_addr)

.debug_line_str
 *(.debug_line_str)

.debug_loclists
 *(.debug_loclists)

.debug_macro
 *(.debug_macro)

.debug_names
 *(.debug_names)

.debug_rnglists
 *(.debug_rnglists)

.debug_str_offsets
 *(.debug_str_offsets)

.debug_sup
 *(.debug_sup)
OUTPUT(C:\Project_Atmega32\release\PRO_1.elf elf32-avr)
LOAD linker stubs
